Archive member included to satisfy reference by file (symbol)

/Users/vk/Documents/FMBtechnologies/product/software/gcc-arm-none-eabi-7-2017-q4-major/bin/../lib/gcc/arm-none-eabi/7.2.1/../../../../arm-none-eabi/lib/thumb/v7e-m/fpv4-sp/hard/libc_nano.a(lib_a-exit.o)
                              /Users/vk/Documents/FMBtechnologies/product/software/gcc-arm-none-eabi-7-2017-q4-major/bin/../lib/gcc/arm-none-eabi/7.2.1/../../../../arm-none-eabi/lib/thumb/v7e-m/fpv4-sp/hard/crt0.o (exit)
/Users/vk/Documents/FMBtechnologies/product/software/gcc-arm-none-eabi-7-2017-q4-major/bin/../lib/gcc/arm-none-eabi/7.2.1/../../../../arm-none-eabi/lib/thumb/v7e-m/fpv4-sp/hard/libc_nano.a(lib_a-impure.o)
                              /Users/vk/Documents/FMBtechnologies/product/software/gcc-arm-none-eabi-7-2017-q4-major/bin/../lib/gcc/arm-none-eabi/7.2.1/../../../../arm-none-eabi/lib/thumb/v7e-m/fpv4-sp/hard/libc_nano.a(lib_a-exit.o) (_global_impure_ptr)
/Users/vk/Documents/FMBtechnologies/product/software/gcc-arm-none-eabi-7-2017-q4-major/bin/../lib/gcc/arm-none-eabi/7.2.1/../../../../arm-none-eabi/lib/thumb/v7e-m/fpv4-sp/hard/libc_nano.a(lib_a-init.o)
                              /Users/vk/Documents/FMBtechnologies/product/software/gcc-arm-none-eabi-7-2017-q4-major/bin/../lib/gcc/arm-none-eabi/7.2.1/../../../../arm-none-eabi/lib/thumb/v7e-m/fpv4-sp/hard/crt0.o (__libc_init_array)
/Users/vk/Documents/FMBtechnologies/product/software/gcc-arm-none-eabi-7-2017-q4-major/bin/../lib/gcc/arm-none-eabi/7.2.1/../../../../arm-none-eabi/lib/thumb/v7e-m/fpv4-sp/hard/libc_nano.a(lib_a-memset.o)
                              /Users/vk/Documents/FMBtechnologies/product/software/gcc-arm-none-eabi-7-2017-q4-major/bin/../lib/gcc/arm-none-eabi/7.2.1/../../../../arm-none-eabi/lib/thumb/v7e-m/fpv4-sp/hard/crt0.o (memset)
/Users/vk/Documents/FMBtechnologies/product/software/gcc-arm-none-eabi-7-2017-q4-major/bin/../lib/gcc/arm-none-eabi/7.2.1/../../../../arm-none-eabi/lib/thumb/v7e-m/fpv4-sp/hard/libnosys.a(_exit.o)
                              /Users/vk/Documents/FMBtechnologies/product/software/gcc-arm-none-eabi-7-2017-q4-major/bin/../lib/gcc/arm-none-eabi/7.2.1/../../../../arm-none-eabi/lib/thumb/v7e-m/fpv4-sp/hard/libc_nano.a(lib_a-exit.o) (_exit)

Allocating common symbols
Common symbol       size              file

nrf_nvic_state      0xc               _build/nrf52832_xxaa/app_util_platform.c.o

Discarded input sections

 .text          0x0000000000000000        0x0 /Users/vk/Documents/FMBtechnologies/product/software/gcc-arm-none-eabi-7-2017-q4-major/bin/../lib/gcc/arm-none-eabi/7.2.1/thumb/v7e-m/fpv4-sp/hard/crti.o
 .data          0x0000000000000000        0x0 /Users/vk/Documents/FMBtechnologies/product/software/gcc-arm-none-eabi-7-2017-q4-major/bin/../lib/gcc/arm-none-eabi/7.2.1/thumb/v7e-m/fpv4-sp/hard/crti.o
 .bss           0x0000000000000000        0x0 /Users/vk/Documents/FMBtechnologies/product/software/gcc-arm-none-eabi-7-2017-q4-major/bin/../lib/gcc/arm-none-eabi/7.2.1/thumb/v7e-m/fpv4-sp/hard/crti.o
 .data          0x0000000000000000        0x4 /Users/vk/Documents/FMBtechnologies/product/software/gcc-arm-none-eabi-7-2017-q4-major/bin/../lib/gcc/arm-none-eabi/7.2.1/thumb/v7e-m/fpv4-sp/hard/crtbegin.o
 .data          0x0000000000000000        0x0 /Users/vk/Documents/FMBtechnologies/product/software/gcc-arm-none-eabi-7-2017-q4-major/bin/../lib/gcc/arm-none-eabi/7.2.1/../../../../arm-none-eabi/lib/thumb/v7e-m/fpv4-sp/hard/crt0.o
 .bss           0x0000000000000000        0x0 /Users/vk/Documents/FMBtechnologies/product/software/gcc-arm-none-eabi-7-2017-q4-major/bin/../lib/gcc/arm-none-eabi/7.2.1/../../../../arm-none-eabi/lib/thumb/v7e-m/fpv4-sp/hard/crt0.o
 .ARM.extab     0x0000000000000000        0x0 /Users/vk/Documents/FMBtechnologies/product/software/gcc-arm-none-eabi-7-2017-q4-major/bin/../lib/gcc/arm-none-eabi/7.2.1/../../../../arm-none-eabi/lib/thumb/v7e-m/fpv4-sp/hard/crt0.o
 .data          0x0000000000000000        0x0 _build/nrf52832_xxaa/gcc_startup_nrf52.S.o
 .bss           0x0000000000000000        0x0 _build/nrf52832_xxaa/gcc_startup_nrf52.S.o
 .group         0x0000000000000000        0xc _build/nrf52832_xxaa/system_nrf52.c.o
 .group         0x0000000000000000        0xc _build/nrf52832_xxaa/system_nrf52.c.o
 .group         0x0000000000000000        0xc _build/nrf52832_xxaa/system_nrf52.c.o
 .group         0x0000000000000000        0xc _build/nrf52832_xxaa/system_nrf52.c.o
 .group         0x0000000000000000        0xc _build/nrf52832_xxaa/system_nrf52.c.o
 .group         0x0000000000000000        0xc _build/nrf52832_xxaa/system_nrf52.c.o
 .group         0x0000000000000000        0xc _build/nrf52832_xxaa/system_nrf52.c.o
 .group         0x0000000000000000        0xc _build/nrf52832_xxaa/system_nrf52.c.o
 .group         0x0000000000000000        0xc _build/nrf52832_xxaa/system_nrf52.c.o
 .group         0x0000000000000000        0xc _build/nrf52832_xxaa/system_nrf52.c.o
[...]
Memory Configuration

Name             Origin             Length             Attributes
FLASH            0x0000000000023000 0x000000000005d000 xr
RAM              0x0000000020005668 0x000000000000a998 xrw
*default*        0x0000000000000000 0xffffffffffffffff

Linker script and memory map


.text           0x0000000000023000      0x94c
 *(.isr_vector)
 .isr_vector    0x0000000000023000      0x200 _build/nrf52832_xxaa/gcc_startup_nrf52.S.o
                0x0000000000023000                __isr_vector
 *(.text*)
 .text          0x0000000000023200       0x40 /Users/vk/Documents/FMBtechnologies/product/software/gcc-arm-none-eabi-7-2017-q4-major/bin/../lib/gcc/arm-none-eabi/7.2.1/thumb/v7e-m/fpv4-sp/hard/crtbegin.o
 .text          0x0000000000023240       0x74 /Users/vk/Documents/FMBtechnologies/product/software/gcc-arm-none-eabi-7-2017-q4-major/bin/../lib/gcc/arm-none-eabi/7.2.1/../../../../arm-none-eabi/lib/thumb/v7e-m/fpv4-sp/hard/crt0.o
                0x0000000000023240                _mainCRTStartup
                0x0000000000023240                _start
 .text          0x00000000000232b4       0x3c _build/nrf52832_xxaa/gcc_startup_nrf52.S.o
                0x00000000000232b4                Reset_Handler
                0x00000000000232dc                NMI_Handler
                0x00000000000232de                HardFault_Handler
                0x00000000000232e0                MemoryManagement_Handler
                0x00000000000232e2                BusFault_Handler
                0x00000000000232e4                UsageFault_Handler
                0x00000000000232e6                SVC_Handler
                0x00000000000232e8                DebugMon_Handler
                0x00000000000232ea                PendSV_Handler
                0x00000000000232ec                SysTick_Handler
                0x00000000000232ee                TIMER3_IRQHandler
                0x00000000000232ee                FPU_IRQHandler
                0x00000000000232ee                SPIM0_SPIS0_TWIM0_TWIS0_SPI0_TWI0_IRQHandler
                0x00000000000232ee                UARTE0_UART0_IRQHandler
                0x00000000000232ee                TIMER4_IRQHandler
                0x00000000000232ee                I2S_IRQHandler
                0x00000000000232ee                SWI4_EGU4_IRQHandler
                0x00000000000232ee                TIMER0_IRQHandler
                0x00000000000232ee                TIMER1_IRQHandler
                0x00000000000232ee                PWM2_IRQHandler
                0x00000000000232ee                ECB_IRQHandler
                0x00000000000232ee                SPIM1_SPIS1_TWIM1_TWIS1_SPI1_TWI1_IRQHandler
                0x00000000000232ee                Default_Handler
                0x00000000000232ee                SAADC_IRQHandler
                0x00000000000232ee                CCM_AAR_IRQHandler
                0x00000000000232ee                WDT_IRQHandler
                0x00000000000232ee                SWI5_EGU5_IRQHandler
                0x00000000000232ee                RNG_IRQHandler
                0x00000000000232ee                RTC2_IRQHandler
                0x00000000000232ee                PWM0_IRQHandler
                0x00000000000232ee                SWI3_EGU3_IRQHandler
                0x00000000000232ee                RTC1_IRQHandler
                0x00000000000232ee                SWI1_EGU1_IRQHandler
                0x00000000000232ee                SPIM2_SPIS2_SPI2_IRQHandler
                0x00000000000232ee                NFCT_IRQHandler
                0x00000000000232ee                MWU_IRQHandler
                0x00000000000232ee                TIMER2_IRQHandler
                0x00000000000232ee                COMP_LPCOMP_IRQHandler
                0x00000000000232ee                RTC0_IRQHandler
                0x00000000000232ee                SWI0_EGU0_IRQHandler
                0x00000000000232ee                GPIOTE_IRQHandler
                0x00000000000232ee                PWM1_IRQHandler
                0x00000000000232ee                POWER_CLOCK_IRQHandler
                0x00000000000232ee                RADIO_IRQHandler
                0x00000000000232ee                PDM_IRQHandler
                0x00000000000232ee                TEMP_IRQHandler
                0x00000000000232ee                QDEC_IRQHandler
 .text.SystemInit
                0x00000000000232f0      0x384 _build/nrf52832_xxaa/system_nrf52.c.o
                0x00000000000232f0                SystemInit
 .text.startup.main
                0x0000000000023674      0x124 _build/nrf52832_xxaa/main.c.o
                0x0000000000023674                main
 .text.app_error_handler_bare
                0x0000000000023798       0x20 _build/nrf52832_xxaa/app_error.c.o
                0x0000000000023798                app_error_handler_bare
 .text.app_error_fault_handler
                0x00000000000237b8       0x30 _build/nrf52832_xxaa/app_error_weak.c.o
                0x00000000000237b8                app_error_fault_handler
 .text.nrf_section_iter_init
                0x00000000000237e8       0x14 _build/nrf52832_xxaa/nrf_section_iter.c.o
                0x00000000000237e8                nrf_section_iter_init
 .text.nrf_section_iter_next
                0x00000000000237fc       0x18 _build/nrf52832_xxaa/nrf_section_iter.c.o
                0x00000000000237fc                nrf_section_iter_next
 .text.SWI2_EGU2_IRQHandler
                0x0000000000023814       0x2c _build/nrf52832_xxaa/nrf_sdh.c.o
                0x0000000000023814                SWI2_EGU2_IRQHandler
 .text.sd_evt_get
                0x0000000000023840        0x4 _build/nrf52832_xxaa/nrf_sdh_soc.c.o
 .text.nrf_sdh_soc_evts_poll
                0x0000000000023844       0x4c _build/nrf52832_xxaa/nrf_sdh_soc.c.o
 .text.exit     0x0000000000023890       0x28 /Users/vk/Documents/FMBtechnologies/product/software/gcc-arm-none-eabi-7-2017-q4-major/bin/../lib/gcc/arm-none-eabi/7.2.1/../../../../arm-none-eabi/lib/thumb/v7e-m/fpv4-sp/hard/libc_nano.a(lib_a-exit.o)
                0x0000000000023890                exit
 .text.__libc_init_array
                0x00000000000238b8       0x48 /Users/vk/Documents/FMBtechnologies/product/software/gcc-arm-none-eabi-7-2017-q4-major/bin/../lib/gcc/arm-none-eabi/7.2.1/../../../../arm-none-eabi/lib/thumb/v7e-m/fpv4-sp/hard/libc_nano.a(lib_a-init.o)
                0x00000000000238b8                __libc_init_array
 .text.memset   0x0000000000023900       0x10 /Users/vk/Documents/FMBtechnologies/product/software/gcc-arm-none-eabi-7-2017-q4-major/bin/../lib/gcc/arm-none-eabi/7.2.1/../../../../arm-none-eabi/lib/thumb/v7e-m/fpv4-sp/hard/libc_nano.a(lib_a-memset.o)
                0x0000000000023900                memset
 .text._exit    0x0000000000023910        0x4 /Users/vk/Documents/FMBtechnologies/product/software/gcc-arm-none-eabi-7-2017-q4-major/bin/../lib/gcc/arm-none-eabi/7.2.1/../../../../arm-none-eabi/lib/thumb/v7e-m/fpv4-sp/hard/libnosys.a(_exit.o)
                0x0000000000023910                _exit
 *(.init)
 .init          0x0000000000023914        0x4 /Users/vk/Documents/FMBtechnologies/product/software/gcc-arm-none-eabi-7-2017-q4-major/bin/../lib/gcc/arm-none-eabi/7.2.1/thumb/v7e-m/fpv4-sp/hard/crti.o
                0x0000000000023914                _init
 .init          0x0000000000023918        0x8 /Users/vk/Documents/FMBtechnologies/product/software/gcc-arm-none-eabi-7-2017-q4-major/bin/../lib/gcc/arm-none-eabi/7.2.1/thumb/v7e-m/fpv4-sp/hard/crtn.o
 *(.fini)
 .fini          0x0000000000023920        0x4 /Users/vk/Documents/FMBtechnologies/product/software/gcc-arm-none-eabi-7-2017-q4-major/bin/../lib/gcc/arm-none-eabi/7.2.1/thumb/v7e-m/fpv4-sp/hard/crti.o
                0x0000000000023920                _fini
 .fini          0x0000000000023924        0x8 /Users/vk/Documents/FMBtechnologies/product/software/gcc-arm-none-eabi-7-2017-q4-major/bin/../lib/gcc/arm-none-eabi/7.2.1/thumb/v7e-m/fpv4-sp/hard/crtn.o
 *crtbegin.o(.ctors)
 *crtbegin?.o(.ctors)
 *(EXCLUDE_FILE(*crtend.o *crtend?.o) .ctors)
 *(SORT_BY_NAME(.ctors.*))
 *(.ctors)
 *crtbegin.o(.dtors)
 *crtbegin?.o(.dtors)
 *(EXCLUDE_FILE(*crtend.o *crtend?.o) .dtors)
 *(SORT_BY_NAME(.dtors.*))
 *(.dtors)
 *(.rodata*)
 .rodata.sdh_stack_observers
                0x000000000002392c        0xc _build/nrf52832_xxaa/nrf_sdh.c.o
 .rodata.sdh_soc_observers
                0x0000000000023938        0xc _build/nrf52832_xxaa/nrf_sdh_soc.c.o
 .rodata._global_impure_ptr
                0x0000000000023944        0x4 /Users/vk/Documents/FMBtechnologies/product/software/gcc-arm-none-eabi-7-2017-q4-major/bin/../lib/gcc/arm-none-eabi/7.2.1/../../../../arm-none-eabi/lib/thumb/v7e-m/fpv4-sp/hard/libc_nano.a(lib_a-impure.o)
                0x0000000000023944                _global_impure_ptr
 *(.eh_frame*)
 .eh_frame      0x0000000000023948        0x0 /Users/vk/Documents/FMBtechnologies/product/software/gcc-arm-none-eabi-7-2017-q4-major/bin/../lib/gcc/arm-none-eabi/7.2.1/thumb/v7e-m/fpv4-sp/hard/crtbegin.o
 .eh_frame      0x0000000000023948        0x4 /Users/vk/Documents/FMBtechnologies/product/software/gcc-arm-none-eabi-7-2017-q4-major/bin/../lib/gcc/arm-none-eabi/7.2.1/thumb/v7e-m/fpv4-sp/hard/crtend.o

.glue_7         0x000000000002394c        0x0
 .glue_7        0x000000000002394c        0x0 linker stubs

.glue_7t        0x000000000002394c        0x0
 .glue_7t       0x000000000002394c        0x0 linker stubs

.vfp11_veneer   0x000000000002394c        0x0
 .vfp11_veneer  0x000000000002394c        0x0 linker stubs

.v4_bx          0x000000000002394c        0x0
 .v4_bx         0x000000000002394c        0x0 linker stubs

.iplt           0x000000000002394c        0x0
 .iplt          0x000000000002394c        0x0 /Users/vk/Documents/FMBtechnologies/product/software/gcc-arm-none-eabi-7-2017-q4-major/bin/../lib/gcc/arm-none-eabi/7.2.1/thumb/v7e-m/fpv4-sp/hard/crtbegin.o

.pwr_mgmt_data  0x000000000002394c        0x0
                [!provide]                        PROVIDE (__start_pwr_mgmt_data, .)
 *(SORT_BY_NAME(.pwr_mgmt_data*))
                [!provide]                        PROVIDE (__stop_pwr_mgmt_data, .)

.log_const_data
                0x000000000002394c        0x0
                [!provide]                        PROVIDE (__start_log_const_data, .)
 *(.log_const_data)
                [!provide]                        PROVIDE (__stop_log_const_data, .)

.cli_command    0x000000000002394c        0x0
                [!provide]                        PROVIDE (__start_cli_command, .)
 *(.cli_command)
                [!provide]                        PROVIDE (__stop_cli_command, .)

.sdh_stack_observers
                0x000000000002394c        0x8
                0x000000000002394c                PROVIDE (__start_sdh_stack_observers, .)
 *(SORT_BY_NAME(.sdh_stack_observers*))
 .sdh_stack_observers0
                0x000000000002394c        0x8 _build/nrf52832_xxaa/nrf_sdh_soc.c.o
                0x0000000000023954                PROVIDE (__stop_sdh_stack_observers, .)

.sdh_req_observers
                0x0000000000023954        0x0
                0x0000000000023954                PROVIDE (__start_sdh_req_observers, .)
 *(SORT_BY_NAME(.sdh_req_observers*))
                0x0000000000023954                PROVIDE (__stop_sdh_req_observers, .)

.sdh_state_observers
                0x0000000000023954        0x0
                0x0000000000023954                PROVIDE (__start_sdh_state_observers, .)
 *(SORT_BY_NAME(.sdh_state_observers*))
                0x0000000000023954                PROVIDE (__stop_sdh_state_observers, .)

.sdh_ant_observers
                0x0000000000023954        0x0
                [!provide]                        PROVIDE (__start_sdh_ant_observers, .)
 *(SORT_BY_NAME(.sdh_ant_observers*))
                [!provide]                        PROVIDE (__stop_sdh_ant_observers, .)

.sdh_ble_observers
                0x0000000000023954        0x0
                [!provide]                        PROVIDE (__start_sdh_ble_observers, .)
 *(SORT_BY_NAME(.sdh_ble_observers*))
                [!provide]                        PROVIDE (__stop_sdh_ble_observers, .)

.sdh_soc_observers
                0x0000000000023954        0x0
                0x0000000000023954                PROVIDE (__start_sdh_soc_observers, .)
 *(SORT_BY_NAME(.sdh_soc_observers*))
                0x0000000000023954                PROVIDE (__stop_sdh_soc_observers, .)

.ARM.extab
 *(.ARM.extab* .gnu.linkonce.armextab.*)
                0x0000000000023954                __exidx_start = .

.ARM.exidx      0x0000000000023954        0x8
 *(.ARM.exidx* .gnu.linkonce.armexidx.*)
 .ARM.exidx     0x0000000000023954        0x8 /Users/vk/Documents/FMBtechnologies/product/software/gcc-arm-none-eabi-7-2017-q4-major/bin/../lib/gcc/arm-none-eabi/7.2.1/../../../../arm-none-eabi/lib/thumb/v7e-m/fpv4-sp/hard/crt0.o
                0x000000000002395c                __exidx_end = .
                0x000000000002395c                __etext = .

.rel.dyn        0x000000000002395c        0x0
 .rel.iplt      0x000000000002395c        0x0 /Users/vk/Documents/FMBtechnologies/product/software/gcc-arm-none-eabi-7-2017-q4-major/bin/../lib/gcc/arm-none-eabi/7.2.1/thumb/v7e-m/fpv4-sp/hard/crtbegin.o

.data           0x0000000020005668       0x6c load address 0x000000000002395c
                0x0000000020005668                __data_start__ = .
 *(vtable)
 *(.data*)
 .data.SystemCoreClock
                0x0000000020005668        0x4 _build/nrf52832_xxaa/system_nrf52.c.o
                0x0000000020005668                SystemCoreClock
 .data.impure_data
                0x000000002000566c       0x60 /Users/vk/Documents/FMBtechnologies/product/software/gcc-arm-none-eabi-7-2017-q4-major/bin/../lib/gcc/arm-none-eabi/7.2.1/../../../../arm-none-eabi/lib/thumb/v7e-m/fpv4-sp/hard/libc_nano.a(lib_a-impure.o)
                0x00000000200056cc                . = ALIGN (0x4)
                0x00000000200056cc                PROVIDE (__preinit_array_start, .)
 *(.preinit_array)
                0x00000000200056cc                PROVIDE (__preinit_array_end, .)
                0x00000000200056cc                . = ALIGN (0x4)
                0x00000000200056cc                PROVIDE (__init_array_start, .)
 *(SORT_BY_NAME(.init_array.*))
 *(.init_array)
 .init_array    0x00000000200056cc        0x4 /Users/vk/Documents/FMBtechnologies/product/software/gcc-arm-none-eabi-7-2017-q4-major/bin/../lib/gcc/arm-none-eabi/7.2.1/thumb/v7e-m/fpv4-sp/hard/crtbegin.o
                0x00000000200056d0                PROVIDE (__init_array_end, .)
                0x00000000200056d0                . = ALIGN (0x4)
                [!provide]                        PROVIDE (__fini_array_start, .)
 *(SORT_BY_NAME(.fini_array.*))
 *(.fini_array)
 .fini_array    0x00000000200056d0        0x4 /Users/vk/Documents/FMBtechnologies/product/software/gcc-arm-none-eabi-7-2017-q4-major/bin/../lib/gcc/arm-none-eabi/7.2.1/thumb/v7e-m/fpv4-sp/hard/crtbegin.o
                [!provide]                        PROVIDE (__fini_array_end, .)
 *(.jcr*)
                0x00000000200056d4                . = ALIGN (0x4)
                0x00000000200056d4                __data_end__ = .
LOAD /Users/vk/Documents/FMBtechnologies/product/software/gcc-arm-none-eabi-7-2017-q4-major/bin/../lib/gcc/arm-none-eabi/7.2.1/thumb/v7e-m/fpv4-sp/hard/crti.o
LOAD /Users/vk/Documents/FMBtechnologies/product/software/gcc-arm-none-eabi-7-2017-q4-major/bin/../lib/gcc/arm-none-eabi/7.2.1/thumb/v7e-m/fpv4-sp/hard/crtbegin.o
LOAD /Users/vk/Documents/FMBtechnologies/product/software/gcc-arm-none-eabi-7-2017-q4-major/bin/../lib/gcc/arm-none-eabi/7.2.1/../../../../arm-none-eabi/lib/thumb/v7e-m/fpv4-sp/hard/crt0.o
LOAD _build/nrf52832_xxaa/gcc_startup_nrf52.S.o
LOAD _build/nrf52832_xxaa/system_nrf52.c.o
LOAD _build/nrf52832_xxaa/main.c.o
LOAD _build/nrf52832_xxaa/boards.c.o
LOAD _build/nrf52832_xxaa/app_error.c.o
LOAD _build/nrf52832_xxaa/app_error_weak.c.o
LOAD _build/nrf52832_xxaa/app_util_platform.c.o
LOAD _build/nrf52832_xxaa/nrf_assert.c.o
LOAD _build/nrf52832_xxaa/nrf_section_iter.c.o
LOAD _build/nrf52832_xxaa/nrf_strerror.c.o
LOAD _build/nrf52832_xxaa/nrf_sdh.c.o
LOAD _build/nrf52832_xxaa/nrf_sdh_soc.c.o
LOAD /Users/vk/Documents/FMBtechnologies/product/software/gcc-arm-none-eabi-7-2017-q4-major/bin/../lib/gcc/arm-none-eabi/7.2.1/../../../../arm-none-eabi/lib/thumb/v7e-m/fpv4-sp/hard/libc_nano.a
LOAD /Users/vk/Documents/FMBtechnologies/product/software/gcc-arm-none-eabi-7-2017-q4-major/bin/../lib/gcc/arm-none-eabi/7.2.1/../../../../arm-none-eabi/lib/thumb/v7e-m/fpv4-sp/hard/libnosys.a
LOAD /Users/vk/Documents/FMBtechnologies/product/software/gcc-arm-none-eabi-7-2017-q4-major/bin/../lib/gcc/arm-none-eabi/7.2.1/../../../../arm-none-eabi/lib/thumb/v7e-m/fpv4-sp/hard/libm.a
START GROUP
LOAD /Users/vk/Documents/FMBtechnologies/product/software/gcc-arm-none-eabi-7-2017-q4-major/bin/../lib/gcc/arm-none-eabi/7.2.1/thumb/v7e-m/fpv4-sp/hard/libgcc.a
LOAD /Users/vk/Documents/FMBtechnologies/product/software/gcc-arm-none-eabi-7-2017-q4-major/bin/../lib/gcc/arm-none-eabi/7.2.1/../../../../arm-none-eabi/lib/thumb/v7e-m/fpv4-sp/hard/libg_nano.a
LOAD /Users/vk/Documents/FMBtechnologies/product/software/gcc-arm-none-eabi-7-2017-q4-major/bin/../lib/gcc/arm-none-eabi/7.2.1/../../../../arm-none-eabi/lib/thumb/v7e-m/fpv4-sp/hard/libc_nano.a
END GROUP
START GROUP
LOAD /Users/vk/Documents/FMBtechnologies/product/software/gcc-arm-none-eabi-7-2017-q4-major/bin/../lib/gcc/arm-none-eabi/7.2.1/thumb/v7e-m/fpv4-sp/hard/libgcc.a
LOAD /Users/vk/Documents/FMBtechnologies/product/software/gcc-arm-none-eabi-7-2017-q4-major/bin/../lib/gcc/arm-none-eabi/7.2.1/../../../../arm-none-eabi/lib/thumb/v7e-m/fpv4-sp/hard/libc_nano.a
END GROUP
LOAD /Users/vk/Documents/FMBtechnologies/product/software/gcc-arm-none-eabi-7-2017-q4-major/bin/../lib/gcc/arm-none-eabi/7.2.1/thumb/v7e-m/fpv4-sp/hard/crtend.o
LOAD /Users/vk/Documents/FMBtechnologies/product/software/gcc-arm-none-eabi-7-2017-q4-major/bin/../lib/gcc/arm-none-eabi/7.2.1/thumb/v7e-m/fpv4-sp/hard/crtn.o
START GROUP
LOAD /Users/vk/Documents/FMBtechnologies/product/software/gcc-arm-none-eabi-7-2017-q4-major/bin/../lib/gcc/arm-none-eabi/7.2.1/thumb/v7e-m/fpv4-sp/hard/libgcc.a
LOAD /Users/vk/Documents/FMBtechnologies/product/software/gcc-arm-none-eabi-7-2017-q4-major/bin/../lib/gcc/arm-none-eabi/7.2.1/../../../../arm-none-eabi/lib/thumb/v7e-m/fpv4-sp/hard/libc.a
LOAD /Users/vk/Documents/FMBtechnologies/product/software/gcc-arm-none-eabi-7-2017-q4-major/bin/../lib/gcc/arm-none-eabi/7.2.1/../../../../arm-none-eabi/lib/thumb/v7e-m/fpv4-sp/hard/libnosys.a
END GROUP

.igot.plt       0x00000000200056d4        0x0 load address 0x00000000000239c8
 .igot.plt      0x00000000200056d4        0x0 /Users/vk/Documents/FMBtechnologies/product/software/gcc-arm-none-eabi-7-2017-q4-major/bin/../lib/gcc/arm-none-eabi/7.2.1/thumb/v7e-m/fpv4-sp/hard/crtbegin.o
                0x00000000200056d4                . = ALIGN (0x4)

.svc_data       0x00000000200056d4        0x0
                [!provide]                        PROVIDE (__start_svc_data, .)
 *(.svc_data)
                [!provide]                        PROVIDE (__stop_svc_data, .)

.fs_data        0x00000000200056d4        0x0
                [!provide]                        PROVIDE (__start_fs_data, .)
 *(.fs_data)
                [!provide]                        PROVIDE (__stop_fs_data, .)

.log_dynamic_data
                0x00000000200056d4        0x0
                [!provide]                        PROVIDE (__start_log_dynamic_data, .)
 *(.log_dynamic_data)
                [!provide]                        PROVIDE (__stop_log_dynamic_data, .)

.cli_sorted_cmd_ptrs
                0x00000000200056d4        0x0
                [!provide]                        PROVIDE (__start_cli_sorted_cmd_ptrs, .)
 *(.cli_sorted_cmd_ptrs)
                [!provide]                        PROVIDE (__stop_cli_sorted_cmd_ptrs, .)

.bss            0x00000000200056d4       0x1c load address 0x00000000000239c8
                0x00000000200056d4                . = ALIGN (0x4)
                0x00000000200056d4                __bss_start__ = .
 *(.bss*)
 .bss           0x00000000200056d4       0x1c /Users/vk/Documents/FMBtechnologies/product/software/gcc-arm-none-eabi-7-2017-q4-major/bin/../lib/gcc/arm-none-eabi/7.2.1/thumb/v7e-m/fpv4-sp/hard/crtbegin.o
 *(COMMON)
                0x00000000200056f0                . = ALIGN (0x4)
                0x00000000200056f0                __bss_end__ = .

.heap           0x00000000200056f0     0x2000
                0x00000000200056f0                __HeapBase = .
                0x00000000200056f0                __end__ = .
                [!provide]                        PROVIDE (end, .)
 *(.heap*)
 .heap          0x00000000200056f0     0x2000 _build/nrf52832_xxaa/gcc_startup_nrf52.S.o
                0x00000000200076f0                __HeapLimit = .

.stack_dummy    0x00000000200056f0     0x2000
 *(.stack*)
 .stack         0x00000000200056f0     0x2000 _build/nrf52832_xxaa/gcc_startup_nrf52.S.o
                0x0000000020010000                __StackTop = (ORIGIN (RAM) + LENGTH (RAM))
                0x000000002000e000                __StackLimit = (__StackTop - SIZEOF (.stack_dummy))
                0x0000000020010000                PROVIDE (__stack, __StackTop)
                0x0000000000000001                ASSERT ((__StackLimit >= __HeapLimit), region RAM overflowed with stack)
OUTPUT(_build/nrf52832_xxaa.out elf32-littlearm)

.ARM.attributes
                0x0000000000000000       0x30
 .ARM.attributes
                0x0000000000000000       0x22 /Users/vk/Documents/FMBtechnologies/product/software/gcc-arm-none-eabi-7-2017-q4-major/bin/../lib/gcc/arm-none-eabi/7.2.1/thumb/v7e-m/fpv4-sp/hard/crti.o
 .ARM.attributes
                0x0000000000000022       0x34 /Users/vk/Documents/FMBtechnologies/product/software/gcc-arm-none-eabi-7-2017-q4-major/bin/../lib/gcc/arm-none-eabi/7.2.1/thumb/v7e-m/fpv4-sp/hard/crtbegin.o
 .ARM.attributes
                0x0000000000000056       0x20 /Users/vk/Documents/FMBtechnologies/product/software/gcc-arm-none-eabi-7-2017-q4-major/bin/../lib/gcc/arm-none-eabi/7.2.1/../../../../arm-none-eabi/lib/thumb/v7e-m/fpv4-sp/hard/crt0.o
 .ARM.attributes
                0x0000000000000076       0x20 _build/nrf52832_xxaa/gcc_startup_nrf52.S.o
 .ARM.attributes
                0x0000000000000096       0x39 _build/nrf52832_xxaa/system_nrf52.c.o
 .ARM.attributes
                0x00000000000000cf       0x39 _build/nrf52832_xxaa/main.c.o
 .ARM.attributes
                0x0000000000000108       0x39 _build/nrf52832_xxaa/app_error.c.o
 .ARM.attributes
                0x0000000000000141       0x39 _build/nrf52832_xxaa/app_error_weak.c.o
 .ARM.attributes
                0x000000000000017a       0x39 _build/nrf52832_xxaa/nrf_section_iter.c.o
 .ARM.attributes
                0x00000000000001b3       0x39 _build/nrf52832_xxaa/nrf_sdh.c.o
 .ARM.attributes
                0x00000000000001ec       0x39 _build/nrf52832_xxaa/nrf_sdh_soc.c.o
 .ARM.attributes
                0x0000000000000225       0x34 /Users/vk/Documents/FMBtechnologies/product/software/gcc-arm-none-eabi-7-2017-q4-major/bin/../lib/gcc/arm-none-eabi/7.2.1/../../../../arm-none-eabi/lib/thumb/v7e-m/fpv4-sp/hard/libc_nano.a(lib_a-exit.o)
 .ARM.attributes
                0x0000000000000259       0x34 /Users/vk/Documents/FMBtechnologies/product/software/gcc-arm-none-eabi-7-2017-q4-major/bin/../lib/gcc/arm-none-eabi/7.2.1/../../../../arm-none-eabi/lib/thumb/v7e-m/fpv4-sp/hard/libc_nano.a(lib_a-impure.o)
 .ARM.attributes
                0x000000000000028d       0x34 /Users/vk/Documents/FMBtechnologies/product/software/gcc-arm-none-eabi-7-2017-q4-major/bin/../lib/gcc/arm-none-eabi/7.2.1/../../../../arm-none-eabi/lib/thumb/v7e-m/fpv4-sp/hard/libc_nano.a(lib_a-init.o)
 .ARM.attributes
                0x00000000000002c1       0x34 /Users/vk/Documents/FMBtechnologies/product/software/gcc-arm-none-eabi-7-2017-q4-major/bin/../lib/gcc/arm-none-eabi/7.2.1/../../../../arm-none-eabi/lib/thumb/v7e-m/fpv4-sp/hard/libc_nano.a(lib_a-memset.o)
 .ARM.attributes
                0x00000000000002f5       0x34 /Users/vk/Documents/FMBtechnologies/product/software/gcc-arm-none-eabi-7-2017-q4-major/bin/../lib/gcc/arm-none-eabi/7.2.1/../../../../arm-none-eabi/lib/thumb/v7e-m/fpv4-sp/hard/libnosys.a(_exit.o)
 .ARM.attributes
                0x0000000000000329       0x34 /Users/vk/Documents/FMBtechnologies/product/software/gcc-arm-none-eabi-7-2017-q4-major/bin/../lib/gcc/arm-none-eabi/7.2.1/thumb/v7e-m/fpv4-sp/hard/crtend.o
 .ARM.attributes
                0x000000000000035d       0x22 /Users/vk/Documents/FMBtechnologies/product/software/gcc-arm-none-eabi-7-2017-q4-major/bin/../lib/gcc/arm-none-eabi/7.2.1/thumb/v7e-m/fpv4-sp/hard/crtn.o

.comment        0x0000000000000000       0x7e
 .comment       0x0000000000000000       0x7e _build/nrf52832_xxaa/system_nrf52.c.o
                                         0x7f (size before relaxing)
 .comment       0x000000000000007e       0x7f _build/nrf52832_xxaa/main.c.o
 .comment       0x000000000000007e       0x7f _build/nrf52832_xxaa/app_error.c.o
 .comment       0x000000000000007e       0x7f _build/nrf52832_xxaa/app_error_weak.c.o
 .comment       0x000000000000007e       0x7f _build/nrf52832_xxaa/nrf_section_iter.c.o
 .comment       0x000000000000007e       0x7f _build/nrf52832_xxaa/nrf_sdh.c.o
 .comment       0x000000000000007e       0x7f _build/nrf52832_xxaa/nrf_sdh_soc.c.o

.debug_line     0x0000000000000000     0x3179
 .debug_line    0x0000000000000000       0x8e _build/nrf52832_xxaa/gcc_startup_nrf52.S.o
 .debug_line    0x000000000000008e      0x518 _build/nrf52832_xxaa/system_nrf52.c.o
 .debug_line    0x00000000000005a6      0x6e9 _build/nrf52832_xxaa/main.c.o
 .debug_line    0x0000000000000c8f      0x5b9 _build/nrf52832_xxaa/app_error.c.o
 .debug_line    0x0000000000001248      0x80d _build/nrf52832_xxaa/app_error_weak.c.o
 .debug_line    0x0000000000001a55      0x64c _build/nrf52832_xxaa/nrf_section_iter.c.o
 .debug_line    0x00000000000020a1      0x96c _build/nrf52832_xxaa/nrf_sdh.c.o
 .debug_line    0x0000000000002a0d      0x76c _build/nrf52832_xxaa/nrf_sdh_soc.c.o

.debug_info     0x0000000000000000     0x6974
 .debug_info    0x0000000000000000       0x26 _build/nrf52832_xxaa/gcc_startup_nrf52.S.o
 .debug_info    0x0000000000000026     0x10fe _build/nrf52832_xxaa/system_nrf52.c.o
 .debug_info    0x0000000000001124      0xe2e _build/nrf52832_xxaa/main.c.o
 .debug_info    0x0000000000001f52      0xb58 _build/nrf52832_xxaa/app_error.c.o
 .debug_info    0x0000000000002aaa      0xc52 _build/nrf52832_xxaa/app_error_weak.c.o
 .debug_info    0x00000000000036fc      0xa0b _build/nrf52832_xxaa/nrf_section_iter.c.o
 .debug_info    0x0000000000004107     0x1b08 _build/nrf52832_xxaa/nrf_sdh.c.o
 .debug_info    0x0000000000005c0f      0xd65 _build/nrf52832_xxaa/nrf_sdh_soc.c.o

.debug_abbrev   0x0000000000000000     0x12a7
 .debug_abbrev  0x0000000000000000       0x14 _build/nrf52832_xxaa/gcc_startup_nrf52.S.o
 .debug_abbrev  0x0000000000000014      0x1e2 _build/nrf52832_xxaa/system_nrf52.c.o
 .debug_abbrev  0x00000000000001f6      0x308 _build/nrf52832_xxaa/main.c.o
 .debug_abbrev  0x00000000000004fe      0x235 _build/nrf52832_xxaa/app_error.c.o
 .debug_abbrev  0x0000000000000733      0x21c _build/nrf52832_xxaa/app_error_weak.c.o
 .debug_abbrev  0x000000000000094f      0x1da _build/nrf52832_xxaa/nrf_section_iter.c.o
 .debug_abbrev  0x0000000000000b29      0x4da _build/nrf52832_xxaa/nrf_sdh.c.o
 .debug_abbrev  0x0000000000001003      0x2a4 _build/nrf52832_xxaa/nrf_sdh_soc.c.o

.debug_aranges  0x0000000000000000      0x178
 .debug_aranges
                0x0000000000000000       0x20 _build/nrf52832_xxaa/gcc_startup_nrf52.S.o
 .debug_aranges
                0x0000000000000020       0x28 _build/nrf52832_xxaa/system_nrf52.c.o
 .debug_aranges
                0x0000000000000048       0x20 _build/nrf52832_xxaa/main.c.o
 .debug_aranges
                0x0000000000000068       0x30 _build/nrf52832_xxaa/app_error.c.o
 .debug_aranges
                0x0000000000000098       0x20 _build/nrf52832_xxaa/app_error_weak.c.o
 .debug_aranges
                0x00000000000000b8       0x28 _build/nrf52832_xxaa/nrf_section_iter.c.o
 .debug_aranges
                0x00000000000000e0       0x70 _build/nrf52832_xxaa/nrf_sdh.c.o
 .debug_aranges
                0x0000000000000150       0x28 _build/nrf52832_xxaa/nrf_sdh_soc.c.o

.debug_str      0x0000000000000000    0x6cabe
 .debug_str     0x0000000000000000       0xc3 _build/nrf52832_xxaa/gcc_startup_nrf52.S.o
 .debug_str     0x00000000000000c3    0x5b8a1 _build/nrf52832_xxaa/system_nrf52.c.o
                                      0x5c393 (size before relaxing)
 .debug_str     0x000000000005b964     0x7861 _build/nrf52832_xxaa/main.c.o
                                      0x63845 (size before relaxing)
 .debug_str     0x00000000000631c5      0x131 _build/nrf52832_xxaa/app_error.c.o
                                      0x61bbd (size before relaxing)
 .debug_str     0x00000000000632f6     0x7969 _build/nrf52832_xxaa/app_error_weak.c.o
                                      0x69613 (size before relaxing)
 .debug_str     0x000000000006ac5f      0x25b _build/nrf52832_xxaa/nrf_section_iter.c.o
                                      0x66548 (size before relaxing)
 .debug_str     0x000000000006aeba     0x1425 _build/nrf52832_xxaa/nrf_sdh.c.o
                                      0x69b8d (size before relaxing)
 .debug_str     0x000000000006c2df      0x7df _build/nrf52832_xxaa/nrf_sdh_soc.c.o
                                      0x68ed2 (size before relaxing)

.debug_ranges   0x0000000000000000      0x380
 .debug_ranges  0x0000000000000000      0x150 _build/nrf52832_xxaa/system_nrf52.c.o
 .debug_ranges  0x0000000000000150       0x48 _build/nrf52832_xxaa/main.c.o
 .debug_ranges  0x0000000000000198       0x20 _build/nrf52832_xxaa/app_error.c.o
 .debug_ranges  0x00000000000001b8       0x10 _build/nrf52832_xxaa/app_error_weak.c.o
 .debug_ranges  0x00000000000001c8       0x18 _build/nrf52832_xxaa/nrf_section_iter.c.o
 .debug_ranges  0x00000000000001e0      0x170 _build/nrf52832_xxaa/nrf_sdh.c.o
 .debug_ranges  0x0000000000000350       0x30 _build/nrf52832_xxaa/nrf_sdh_soc.c.o

.debug_macro    0x0000000000000000    0x13b53
 .debug_macro   0x0000000000000000       0xf5 _build/nrf52832_xxaa/system_nrf52.c.o
 .debug_macro   0x00000000000000f5      0xa78 _build/nrf52832_xxaa/system_nrf52.c.o
 .debug_macro   0x0000000000000b6d       0x22 _build/nrf52832_xxaa/system_nrf52.c.o
 .debug_macro   0x0000000000000b8f       0x4f _build/nrf52832_xxaa/system_nrf52.c.o
 .debug_macro   0x0000000000000bde       0x51 _build/nrf52832_xxaa/system_nrf52.c.o
 .debug_macro   0x0000000000000c2f       0xef _build/nrf52832_xxaa/system_nrf52.c.o
 .debug_macro   0x0000000000000d1e       0x6a _build/nrf52832_xxaa/system_nrf52.c.o
 .debug_macro   0x0000000000000d88      0x1df _build/nrf52832_xxaa/system_nrf52.c.o
 .debug_macro   0x0000000000000f67       0x22 _build/nrf52832_xxaa/system_nrf52.c.o
 .debug_macro   0x0000000000000f89       0x22 _build/nrf52832_xxaa/system_nrf52.c.o
 .debug_macro   0x0000000000000fab       0x2d _build/nrf52832_xxaa/system_nrf52.c.o
 .debug_macro   0x0000000000000fd8       0x3b _build/nrf52832_xxaa/system_nrf52.c.o
 .debug_macro   0x0000000000001013       0x50 _build/nrf52832_xxaa/system_nrf52.c.o
 .debug_macro   0x0000000000001063      0xe66 _build/nrf52832_xxaa/system_nrf52.c.o
 .debug_macro   0x0000000000001ec9      0x392 _build/nrf52832_xxaa/system_nrf52.c.o
 .debug_macro   0x000000000000225b     0xcc8d _build/nrf52832_xxaa/system_nrf52.c.o
 .debug_macro   0x000000000000eee8     0x1313 _build/nrf52832_xxaa/system_nrf52.c.o
 .debug_macro   0x00000000000101fb       0x82 _build/nrf52832_xxaa/system_nrf52.c.o
 .debug_macro   0x000000000001027d       0x22 _build/nrf52832_xxaa/system_nrf52.c.o
 .debug_macro   0x000000000001029f      0x2ae _build/nrf52832_xxaa/main.c.o
 .debug_macro   0x000000000001054d       0x10 _build/nrf52832_xxaa/main.c.o
 .debug_macro   0x000000000001055d      0x2ce _build/nrf52832_xxaa/main.c.o
 .debug_macro   0x000000000001082b       0x58 _build/nrf52832_xxaa/main.c.o
 .debug_macro   0x0000000000010883       0x17 _build/nrf52832_xxaa/main.c.o
 .debug_macro   0x000000000001089a       0x35 _build/nrf52832_xxaa/main.c.o
 .debug_macro   0x00000000000108cf       0x9c _build/nrf52832_xxaa/main.c.o
 .debug_macro   0x000000000001096b       0x16 _build/nrf52832_xxaa/main.c.o
 .debug_macro   0x0000000000010981       0x97 _build/nrf52832_xxaa/main.c.o
 .debug_macro   0x0000000000010a18      0x353 _build/nrf52832_xxaa/main.c.o
 .debug_macro   0x0000000000010d6b       0xf6 _build/nrf52832_xxaa/main.c.o
 .debug_macro   0x0000000000010e61       0x10 _build/nrf52832_xxaa/main.c.o
 .debug_macro   0x0000000000010e71       0x58 _build/nrf52832_xxaa/main.c.o
 .debug_macro   0x0000000000010ec9       0x1f _build/nrf52832_xxaa/main.c.o
 .debug_macro   0x0000000000010ee8       0x43 _build/nrf52832_xxaa/main.c.o
 .debug_macro   0x0000000000010f2b       0x20 _build/nrf52832_xxaa/main.c.o
 .debug_macro   0x0000000000010f4b      0x18e _build/nrf52832_xxaa/main.c.o
 .debug_macro   0x00000000000110d9       0x10 _build/nrf52832_xxaa/main.c.o
 .debug_macro   0x00000000000110e9       0xb6 _build/nrf52832_xxaa/main.c.o
 .debug_macro   0x000000000001119f       0x16 _build/nrf52832_xxaa/main.c.o
 .debug_macro   0x00000000000111b5      0x129 _build/nrf52832_xxaa/main.c.o
 .debug_macro   0x00000000000112de       0x9a _build/nrf52832_xxaa/main.c.o
 .debug_macro   0x0000000000011378      0x539 _build/nrf52832_xxaa/main.c.o
 .debug_macro   0x00000000000118b1       0x78 _build/nrf52832_xxaa/main.c.o
 .debug_macro   0x0000000000011929      0x16d _build/nrf52832_xxaa/main.c.o
 .debug_macro   0x0000000000011a96       0x2b _build/nrf52832_xxaa/main.c.o
 .debug_macro   0x0000000000011ac1       0x10 _build/nrf52832_xxaa/main.c.o
 .debug_macro   0x0000000000011ad1       0x16 _build/nrf52832_xxaa/main.c.o
 .debug_macro   0x0000000000011ae7       0x35 _build/nrf52832_xxaa/main.c.o
 .debug_macro   0x0000000000011b1c       0x22 _build/nrf52832_xxaa/main.c.o
 .debug_macro   0x0000000000011b3e       0x16 _build/nrf52832_xxaa/main.c.o
 .debug_macro   0x0000000000011b54      0x261 _build/nrf52832_xxaa/main.c.o
 .debug_macro   0x0000000000011db5      0x115 _build/nrf52832_xxaa/main.c.o
 .debug_macro   0x0000000000011eca       0x22 _build/nrf52832_xxaa/main.c.o
 .debug_macro   0x0000000000011eec      0x228 _build/nrf52832_xxaa/app_error.c.o
 .debug_macro   0x0000000000012114      0x361 _build/nrf52832_xxaa/app_error_weak.c.o
 .debug_macro   0x0000000000012475       0x16 _build/nrf52832_xxaa/app_error_weak.c.o
 .debug_macro   0x000000000001248b       0x22 _build/nrf52832_xxaa/app_error_weak.c.o
 .debug_macro   0x00000000000124ad      0x48a _build/nrf52832_xxaa/app_error_weak.c.o
 .debug_macro   0x0000000000012937       0x4b _build/nrf52832_xxaa/app_error_weak.c.o
 .debug_macro   0x0000000000012982       0x31 _build/nrf52832_xxaa/app_error_weak.c.o
 .debug_macro   0x00000000000129b3       0x10 _build/nrf52832_xxaa/app_error_weak.c.o
 .debug_macro   0x00000000000129c3      0x151 _build/nrf52832_xxaa/app_error_weak.c.o
 .debug_macro   0x0000000000012b14       0x68 _build/nrf52832_xxaa/app_error_weak.c.o
 .debug_macro   0x0000000000012b7c       0x28 _build/nrf52832_xxaa/app_error_weak.c.o
 .debug_macro   0x0000000000012ba4       0x16 _build/nrf52832_xxaa/app_error_weak.c.o
 .debug_macro   0x0000000000012bba       0x40 _build/nrf52832_xxaa/app_error_weak.c.o
 .debug_macro   0x0000000000012bfa       0x70 _build/nrf52832_xxaa/app_error_weak.c.o
 .debug_macro   0x0000000000012c6a       0x2e _build/nrf52832_xxaa/app_error_weak.c.o
 .debug_macro   0x0000000000012c98       0x16 _build/nrf52832_xxaa/app_error_weak.c.o
 .debug_macro   0x0000000000012cae       0x7e _build/nrf52832_xxaa/app_error_weak.c.o
 .debug_macro   0x0000000000012d2c       0x8c _build/nrf52832_xxaa/app_error_weak.c.o
 .debug_macro   0x0000000000012db8       0x10 _build/nrf52832_xxaa/app_error_weak.c.o
 .debug_macro   0x0000000000012dc8       0x1c _build/nrf52832_xxaa/app_error_weak.c.o
 .debug_macro   0x0000000000012de4      0x2a5 _build/nrf52832_xxaa/nrf_section_iter.c.o
 .debug_macro   0x0000000000013089      0x16d _build/nrf52832_xxaa/nrf_section_iter.c.o
 .debug_macro   0x00000000000131f6       0x10 _build/nrf52832_xxaa/nrf_section_iter.c.o
 .debug_macro   0x0000000000013206       0x1c _build/nrf52832_xxaa/nrf_section_iter.c.o
 .debug_macro   0x0000000000013222       0x11 _build/nrf52832_xxaa/nrf_section_iter.c.o
 .debug_macro   0x0000000000013233      0x342 _build/nrf52832_xxaa/nrf_sdh.c.o
 .debug_macro   0x0000000000013575       0x2a _build/nrf52832_xxaa/nrf_sdh.c.o
 .debug_macro   0x000000000001359f       0x1c _build/nrf52832_xxaa/nrf_sdh.c.o
 .debug_macro   0x00000000000135bb      0x10d _build/nrf52832_xxaa/nrf_sdh.c.o
 .debug_macro   0x00000000000136c8      0x145 _build/nrf52832_xxaa/nrf_sdh.c.o
 .debug_macro   0x000000000001380d      0x330 _build/nrf52832_xxaa/nrf_sdh_soc.c.o
 .debug_macro   0x0000000000013b3d       0x16 _build/nrf52832_xxaa/nrf_sdh_soc.c.o

.debug_frame    0x0000000000000000      0x318
 .debug_frame   0x0000000000000000       0x40 _build/nrf52832_xxaa/system_nrf52.c.o
 .debug_frame   0x0000000000000040       0x28 _build/nrf52832_xxaa/main.c.o
 .debug_frame   0x0000000000000068       0x70 _build/nrf52832_xxaa/app_error.c.o
 .debug_frame   0x00000000000000d8       0x20 _build/nrf52832_xxaa/app_error_weak.c.o
 .debug_frame   0x00000000000000f8       0x30 _build/nrf52832_xxaa/nrf_section_iter.c.o
 .debug_frame   0x0000000000000128      0x11c _build/nrf52832_xxaa/nrf_sdh.c.o
 .debug_frame   0x0000000000000244       0x40 _build/nrf52832_xxaa/nrf_sdh_soc.c.o
 .debug_frame   0x0000000000000284       0x28 /Users/vk/Documents/FMBtechnologies/product/software/gcc-arm-none-eabi-7-2017-q4-major/bin/../lib/gcc/arm-none-eabi/7.2.1/../../../../arm-none-eabi/lib/thumb/v7e-m/fpv4-sp/hard/libc_nano.a(lib_a-exit.o)
 .debug_frame   0x00000000000002ac       0x2c /Users/vk/Documents/FMBtechnologies/product/software/gcc-arm-none-eabi-7-2017-q4-major/bin/../lib/gcc/arm-none-eabi/7.2.1/../../../../arm-none-eabi/lib/thumb/v7e-m/fpv4-sp/hard/libc_nano.a(lib_a-init.o)
 .debug_frame   0x00000000000002d8       0x20 /Users/vk/Documents/FMBtechnologies/product/software/gcc-arm-none-eabi-7-2017-q4-major/bin/../lib/gcc/arm-none-eabi/7.2.1/../../../../arm-none-eabi/lib/thumb/v7e-m/fpv4-sp/hard/libc_nano.a(lib_a-memset.o)
 .debug_frame   0x00000000000002f8       0x20 /Users/vk/Documents/FMBtechnologies/product/software/gcc-arm-none-eabi-7-2017-q4-major/bin/../lib/gcc/arm-none-eabi/7.2.1/../../../../arm-none-eabi/lib/thumb/v7e-m/fpv4-sp/hard/libnosys.a(_exit.o)

.debug_loc      0x0000000000000000      0x5c8
 .debug_loc     0x0000000000000000       0xd6 _build/nrf52832_xxaa/main.c.o
 .debug_loc     0x00000000000000d6      0x145 _build/nrf52832_xxaa/app_error.c.o
 .debug_loc     0x000000000000021b       0x42 _build/nrf52832_xxaa/app_error_weak.c.o
 .debug_loc     0x000000000000025d      0x2f7 _build/nrf52832_xxaa/nrf_sdh.c.o
 .debug_loc     0x0000000000000554       0x74 _build/nrf52832_xxaa/nrf_sdh_soc.c.o
