Archive member included to satisfy reference by file (symbol)

/Users/vk/Documents/FMBtechnologies/product/software/gcc-arm-none-eabi-7-2017-q4-major/bin/../lib/gcc/arm-none-eabi/7.2.1/../../../../arm-none-eabi/lib/thumb/v7e-m/fpv4-sp/hard/libc_nano.a(lib_a-exit.o)
                              /Users/vk/Documents/FMBtechnologies/product/software/gcc-arm-none-eabi-7-2017-q4-major/bin/../lib/gcc/arm-none-eabi/7.2.1/../../../../arm-none-eabi/lib/thumb/v7e-m/fpv4-sp/hard/crt0.o (exit)
/Users/vk/Documents/FMBtechnologies/product/software/gcc-arm-none-eabi-7-2017-q4-major/bin/../lib/gcc/arm-none-eabi/7.2.1/../../../../arm-none-eabi/lib/thumb/v7e-m/fpv4-sp/hard/libc_nano.a(lib_a-impure.o)
                              /Users/vk/Documents/FMBtechnologies/product/software/gcc-arm-none-eabi-7-2017-q4-major/bin/../lib/gcc/arm-none-eabi/7.2.1/../../../../arm-none-eabi/lib/thumb/v7e-m/fpv4-sp/hard/libc_nano.a(lib_a-exit.o) (_global_impure_ptr)
/Users/vk/Documents/FMBtechnologies/product/software/gcc-arm-none-eabi-7-2017-q4-major/bin/../lib/gcc/arm-none-eabi/7.2.1/../../../../arm-none-eabi/lib/thumb/v7e-m/fpv4-sp/hard/libc_nano.a(lib_a-init.o)
                              /Users/vk/Documents/FMBtechnologies/product/software/gcc-arm-none-eabi-7-2017-q4-major/bin/../lib/gcc/arm-none-eabi/7.2.1/../../../../arm-none-eabi/lib/thumb/v7e-m/fpv4-sp/hard/crt0.o (__libc_init_array)
/Users/vk/Documents/FMBtechnologies/product/software/gcc-arm-none-eabi-7-2017-q4-major/bin/../lib/gcc/arm-none-eabi/7.2.1/../../../../arm-none-eabi/lib/thumb/v7e-m/fpv4-sp/hard/libc_nano.a(lib_a-locale.o)
                              _build/nrf52832_xxaa/nrf_log_str_formatter.c.o (__locale_ctype_ptr)
/Users/vk/Documents/FMBtechnologies/product/software/gcc-arm-none-eabi-7-2017-q4-major/bin/../lib/gcc/arm-none-eabi/7.2.1/../../../../arm-none-eabi/lib/thumb/v7e-m/fpv4-sp/hard/libc_nano.a(lib_a-mbtowc_r.o)
                              /Users/vk/Documents/FMBtechnologies/product/software/gcc-arm-none-eabi-7-2017-q4-major/bin/../lib/gcc/arm-none-eabi/7.2.1/../../../../arm-none-eabi/lib/thumb/v7e-m/fpv4-sp/hard/libc_nano.a(lib_a-locale.o) (__ascii_mbtowc)
/Users/vk/Documents/FMBtechnologies/product/software/gcc-arm-none-eabi-7-2017-q4-major/bin/../lib/gcc/arm-none-eabi/7.2.1/../../../../arm-none-eabi/lib/thumb/v7e-m/fpv4-sp/hard/libc_nano.a(lib_a-memcmp.o)
                              _build/nrf52832_xxaa/id_manager.c.o (memcmp)
/Users/vk/Documents/FMBtechnologies/product/software/gcc-arm-none-eabi-7-2017-q4-major/bin/../lib/gcc/arm-none-eabi/7.2.1/../../../../arm-none-eabi/lib/thumb/v7e-m/fpv4-sp/hard/libc_nano.a(lib_a-memcpy-stub.o)
                              _build/nrf52832_xxaa/nrf_log_frontend.c.o (memcpy)
/Users/vk/Documents/FMBtechnologies/product/software/gcc-arm-none-eabi-7-2017-q4-major/bin/../lib/gcc/arm-none-eabi/7.2.1/../../../../arm-none-eabi/lib/thumb/v7e-m/fpv4-sp/hard/libc_nano.a(lib_a-memmove.o)
                              _build/nrf52832_xxaa/ble_hrs.c.o (memmove)
/Users/vk/Documents/FMBtechnologies/product/software/gcc-arm-none-eabi-7-2017-q4-major/bin/../lib/gcc/arm-none-eabi/7.2.1/../../../../arm-none-eabi/lib/thumb/v7e-m/fpv4-sp/hard/libc_nano.a(lib_a-memset.o)
                              /Users/vk/Documents/FMBtechnologies/product/software/gcc-arm-none-eabi-7-2017-q4-major/bin/../lib/gcc/arm-none-eabi/7.2.1/../../../../arm-none-eabi/lib/thumb/v7e-m/fpv4-sp/hard/crt0.o (memset)
/Users/vk/Documents/FMBtechnologies/product/software/gcc-arm-none-eabi-7-2017-q4-major/bin/../lib/gcc/arm-none-eabi/7.2.1/../../../../arm-none-eabi/lib/thumb/v7e-m/fpv4-sp/hard/libc_nano.a(lib_a-strcmp.o)
                              /Users/vk/Documents/FMBtechnologies/product/software/gcc-arm-none-eabi-7-2017-q4-major/bin/../lib/gcc/arm-none-eabi/7.2.1/../../../../arm-none-eabi/lib/thumb/v7e-m/fpv4-sp/hard/libc_nano.a(lib_a-locale.o) (strcmp)
/Users/vk/Documents/FMBtechnologies/product/software/gcc-arm-none-eabi-7-2017-q4-major/bin/../lib/gcc/arm-none-eabi/7.2.1/../../../../arm-none-eabi/lib/thumb/v7e-m/fpv4-sp/hard/libc_nano.a(lib_a-strcpy.o)
                              _build/nrf52832_xxaa/SEGGER_RTT.c.o (strcpy)
/Users/vk/Documents/FMBtechnologies/product/software/gcc-arm-none-eabi-7-2017-q4-major/bin/../lib/gcc/arm-none-eabi/7.2.1/../../../../arm-none-eabi/lib/thumb/v7e-m/fpv4-sp/hard/libc_nano.a(lib_a-strlen.o)
                              _build/nrf52832_xxaa/nrf_log_frontend.c.o (strlen)
/Users/vk/Documents/FMBtechnologies/product/software/gcc-arm-none-eabi-7-2017-q4-major/bin/../lib/gcc/arm-none-eabi/7.2.1/../../../../arm-none-eabi/lib/thumb/v7e-m/fpv4-sp/hard/libc_nano.a(lib_a-wctomb_r.o)
                              /Users/vk/Documents/FMBtechnologies/product/software/gcc-arm-none-eabi-7-2017-q4-major/bin/../lib/gcc/arm-none-eabi/7.2.1/../../../../arm-none-eabi/lib/thumb/v7e-m/fpv4-sp/hard/libc_nano.a(lib_a-locale.o) (__ascii_wctomb)
[...]
Memory Configuration

Name             Origin             Length             Attributes
FLASH            0x0000000000023000 0x000000000005d000 xr
RAM              0x0000000020002a58 0x000000000000d5a8 xrw
*default*        0x0000000000000000 0xffffffffffffffff

Linker script and memory map


.text           0x0000000000023000    0x10380
 *(.isr_vector)
 .isr_vector    0x0000000000023000      0x200 _build/nrf52832_xxaa/gcc_startup_nrf52.S.o
                0x0000000000023000                __isr_vector
 *(.text*)
 .text          0x0000000000023200       0x40 /Users/vk/Documents/FMBtechnologies/product/software/gcc-arm-none-eabi-7-2017-q4-major/bin/../lib/gcc/arm-none-eabi/7.2.1/thumb/v7e-m/fpv4-sp/hard/crtbegin.o
 .text          0x0000000000023240       0x74 /Users/vk/Documents/FMBtechnologies/product/software/gcc-arm-none-eabi-7-2017-q4-major/bin/../lib/gcc/arm-none-eabi/7.2.1/../../../../arm-none-eabi/lib/thumb/v7e-m/fpv4-sp/hard/crt0.o
                0x0000000000023240                _mainCRTStartup
                0x0000000000023240                _start
 .text.nrf_log_backend_serial_put
                0x00000000000232b4       0xe4 _build/nrf52832_xxaa/nrf_log_backend_serial.c.o
                0x00000000000232b4                nrf_log_backend_serial_put
 .text.uart_evt_handler
                0x0000000000023398        0xc _build/nrf52832_xxaa/nrf_log_backend_uart.c.o
 .text.nrf_log_backend_uart_flush
                0x00000000000233a4        0x4 _build/nrf52832_xxaa/nrf_log_backend_uart.c.o
 .text.nrf_log_backend_uart_panic_set
                0x00000000000233a8       0x48 _build/nrf52832_xxaa/nrf_log_backend_uart.c.o
 .text.nrf_log_backend_uart_put
                0x00000000000233f0       0x20 _build/nrf52832_xxaa/nrf_log_backend_uart.c.o
 .text.serial_tx
                0x0000000000023410       0x34 _build/nrf52832_xxaa/nrf_log_backend_uart.c.o
 .text.nrf_log_backend_uart_init
                0x0000000000023444       0x48 _build/nrf52832_xxaa/nrf_log_backend_uart.c.o
                0x0000000000023444                nrf_log_backend_uart_init
 .text.nrf_log_default_backends_init
                0x000000000002348c       0x1c _build/nrf52832_xxaa/nrf_log_default_backends.c.o
                0x000000000002348c                nrf_log_default_backends_init
 .text.nrf_log_init
                0x00000000000234a8       0x50 _build/nrf52832_xxaa/nrf_log_frontend.c.o
                0x00000000000234a8                nrf_log_init
 .text.nrf_log_module_name_get
                0x00000000000234f8       0x5c _build/nrf52832_xxaa/nrf_log_frontend.c.o
                0x00000000000234f8                nrf_log_module_name_get
 .text.nrf_log_color_id_get
                0x0000000000023554       0x20 _build/nrf52832_xxaa/nrf_log_frontend.c.o
                0x0000000000023554                nrf_log_color_id_get
 .text.nrf_log_frontend_std_0
                0x0000000000023574      0x170 _build/nrf52832_xxaa/nrf_log_frontend.c.o
                0x0000000000023574                nrf_log_frontend_std_0
 .text.nrf_log_frontend_std_1
                0x00000000000236e4      0x180 _build/nrf52832_xxaa/nrf_log_frontend.c.o
                0x00000000000236e4                nrf_log_frontend_std_1
 .text.nrf_log_frontend_std_2
                0x0000000000023864      0x190 _build/nrf52832_xxaa/nrf_log_frontend.c.o
                0x0000000000023864                nrf_log_frontend_std_2
 .text.nrf_log_frontend_std_3
                0x00000000000239f4      0x1a0 _build/nrf52832_xxaa/nrf_log_frontend.c.o
                0x00000000000239f4                nrf_log_frontend_std_3
 .text.nrf_log_frontend_dequeue
                0x0000000000023b94      0x204 _build/nrf52832_xxaa/nrf_log_frontend.c.o
                0x0000000000023b94                nrf_log_frontend_dequeue
 .text.nrf_log_backend_add
                0x0000000000023d98       0x5c _build/nrf52832_xxaa/nrf_log_frontend.c.o
                0x0000000000023d98                nrf_log_backend_add
 .text.nrf_log_panic
                0x0000000000023df4       0x28 _build/nrf52832_xxaa/nrf_log_frontend.c.o
                0x0000000000023df4                nrf_log_panic
 .text.nrf_log_std_entry_process
                0x0000000000023e1c      0x130 _build/nrf52832_xxaa/nrf_log_str_formatter.c.o
                0x0000000000023e1c                nrf_log_std_entry_process
 .text.nrf_log_hexdump_entry_process
                0x0000000000023f4c      0x13c _build/nrf52832_xxaa/nrf_log_str_formatter.c.o
                0x0000000000023f4c                nrf_log_hexdump_entry_process
 .text.detection_delay_timeout_handler
                0x0000000000024088       0xac _build/nrf52832_xxaa/app_button.c.o
 .text.gpiote_event_handler
                0x0000000000024134       0x5c _build/nrf52832_xxaa/app_button.c.o
 .text.app_button_init
                0x0000000000024190       0xac _build/nrf52832_xxaa/app_button.c.o
                0x0000000000024190                app_button_init
 .text.app_button_enable
                0x000000000002423c       0x2c _build/nrf52832_xxaa/app_button.c.o
                0x000000000002423c                app_button_enable
 .text.app_error_handler_bare
                0x0000000000024268       0x20 _build/nrf52832_xxaa/app_error.c.o
                0x0000000000024268                app_error_handler_bare
 .text.app_error_fault_handler
                0x0000000000024288       0x68 _build/nrf52832_xxaa/app_error_weak.c.o
                0x0000000000024288                app_error_fault_handler
 .text.RTC1_IRQHandler
                0x00000000000242f0       0xa0 _build/nrf52832_xxaa/app_timer.c.o
                0x00000000000242f0                RTC1_IRQHandler
 .text.SWI0_EGU0_IRQHandler
                0x0000000000024390      0x670 _build/nrf52832_xxaa/app_timer.c.o
                0x0000000000024390                SWI0_EGU0_IRQHandler
 .text.app_timer_init
                0x0000000000024a00      0x180 _build/nrf52832_xxaa/app_timer.c.o
                0x0000000000024a00                app_timer_init
 .text.app_timer_create
                0x0000000000024b80       0x24 _build/nrf52832_xxaa/app_timer.c.o
                0x0000000000024b80                app_timer_create
 .text.app_timer_start
                0x0000000000024ba4       0xac _build/nrf52832_xxaa/app_timer.c.o
                0x0000000000024ba4                app_timer_start
 .text.app_timer_stop
                0x0000000000024c50       0x74 _build/nrf52832_xxaa/app_timer.c.o
                0x0000000000024c50                app_timer_stop
 .text.app_util_critical_region_enter
                0x0000000000024cc4       0x4c _build/nrf52832_xxaa/app_util_platform.c.o
                0x0000000000024cc4                app_util_critical_region_enter
 .text.app_util_critical_region_exit
                0x0000000000024d10       0x30 _build/nrf52832_xxaa/app_util_platform.c.o
                0x0000000000024d10                app_util_critical_region_exit
 .text.gc_record_find_next
                0x0000000000024d40       0xbc _build/nrf52832_xxaa/fds.c.o
 .text.record_find_by_desc
                0x0000000000024dfc       0xd0 _build/nrf52832_xxaa/fds.c.o
 .text.queue_process
                0x0000000000024ecc      0x810 _build/nrf52832_xxaa/fds.c.o
 .text.fs_event_handler
                0x00000000000256dc      0x81c _build/nrf52832_xxaa/fds.c.o
 .text.fds_register
                0x0000000000025ef8       0x28 _build/nrf52832_xxaa/fds.c.o
                0x0000000000025ef8                fds_register
 .text.fds_init
                0x0000000000025f20      0x2c4 _build/nrf52832_xxaa/fds.c.o
                0x0000000000025f20                fds_init
 .text.fds_record_open
                0x00000000000261e4       0x48 _build/nrf52832_xxaa/fds.c.o
                0x00000000000261e4                fds_record_open
 .text.fds_record_close
                0x000000000002622c       0x48 _build/nrf52832_xxaa/fds.c.o
                0x000000000002622c                fds_record_close
 .text.fds_reserve
                0x0000000000026274       0x80 _build/nrf52832_xxaa/fds.c.o
                0x0000000000026274                fds_reserve
 .text.fds_reserve_cancel
                0x00000000000262f4       0x54 _build/nrf52832_xxaa/fds.c.o
                0x00000000000262f4                fds_reserve_cancel
 .text.fds_record_write
                0x0000000000026348      0x154 _build/nrf52832_xxaa/fds.c.o
                0x0000000000026348                fds_record_write
 .text.fds_record_write_reserved
                0x000000000002649c      0x114 _build/nrf52832_xxaa/fds.c.o
                0x000000000002649c                fds_record_write_reserved
 .text.fds_record_update
                0x00000000000265b0      0x16c _build/nrf52832_xxaa/fds.c.o
                0x00000000000265b0                fds_record_update
 .text.fds_file_delete
                0x000000000002671c       0x68 _build/nrf52832_xxaa/fds.c.o
                0x000000000002671c                fds_file_delete
 .text.fds_gc   0x0000000000026784      0x7e0 _build/nrf52832_xxaa/fds.c.o
                0x0000000000026784                fds_gc
 .text.fds_record_find
                0x0000000000026f64       0xc8 _build/nrf52832_xxaa/fds.c.o
                0x0000000000026f64                fds_record_find
 .text.fds_record_find_by_key
                0x000000000002702c       0xb8 _build/nrf52832_xxaa/fds.c.o
                0x000000000002702c                fds_record_find_by_key
 .text.fds_record_find_in_file
                0x00000000000270e4       0xb4 _build/nrf52832_xxaa/fds.c.o
                0x00000000000270e4                fds_record_find_in_file
 .text.fds_record_id_from_desc
                0x0000000000027198       0x10 _build/nrf52832_xxaa/fds.c.o
                0x0000000000027198                fds_record_id_from_desc
 .text.nrf_balloc_init
                0x00000000000271a8       0x38 _build/nrf52832_xxaa/nrf_balloc.c.o
                0x00000000000271a8                nrf_balloc_init
 .text.nrf_balloc_alloc
                0x00000000000271e0       0x50 _build/nrf52832_xxaa/nrf_balloc.c.o
                0x00000000000271e0                nrf_balloc_alloc
 .text.nrf_balloc_free
                0x0000000000027230       0x38 _build/nrf52832_xxaa/nrf_balloc.c.o
                0x0000000000027230                nrf_balloc_free
 .text.nrf_fprintf_buffer_flush
                0x0000000000027268       0x18 _build/nrf52832_xxaa/nrf_fprintf.c.o
                0x0000000000027268                nrf_fprintf_buffer_flush
 .text.nrf_fprintf
                0x0000000000027280       0x20 _build/nrf52832_xxaa/nrf_fprintf.c.o
                0x0000000000027280                nrf_fprintf
 .text.unsigned_print
                0x00000000000272a0      0x10c _build/nrf52832_xxaa/nrf_fprintf_format.c.o
 .text.nrf_fprintf_fmt
                0x00000000000273ac      0x5bc _build/nrf52832_xxaa/nrf_fprintf_format.c.o
                0x00000000000273ac                nrf_fprintf_fmt
 .text.nrf_fstorage_init
                0x0000000000027968       0x10 _build/nrf52832_xxaa/nrf_fstorage.c.o
                0x0000000000027968                nrf_fstorage_init
 .text.nrf_fstorage_write
                0x0000000000027978       0x68 _build/nrf52832_xxaa/nrf_fstorage.c.o
                0x0000000000027978                nrf_fstorage_write
 .text.nrf_fstorage_erase
                0x00000000000279e0       0x44 _build/nrf52832_xxaa/nrf_fstorage.c.o
                0x00000000000279e0                nrf_fstorage_erase
 .text.nrf_fstorage_is_busy
                0x0000000000027a24       0x50 _build/nrf52832_xxaa/nrf_fstorage.c.o
                0x0000000000027a24                nrf_fstorage_is_busy
 .text.sd_flash_write
                0x0000000000027a74        0x4 _build/nrf52832_xxaa/nrf_fstorage_sd.c.o
 .text.sd_flash_page_erase
                0x0000000000027a78        0x4 _build/nrf52832_xxaa/nrf_fstorage_sd.c.o
 .text.uninit   0x0000000000027a7c        0x4 _build/nrf52832_xxaa/nrf_fstorage_sd.c.o
 .text.is_busy  0x0000000000027a80       0x10 _build/nrf52832_xxaa/nrf_fstorage_sd.c.o
 .text.read     0x0000000000027a90       0x10 _build/nrf52832_xxaa/nrf_fstorage_sd.c.o
 .text.init     0x0000000000027aa0       0x40 _build/nrf52832_xxaa/nrf_fstorage_sd.c.o
 .text.nrf_fstorage_sdh_req_handler
                0x0000000000027ae0       0x20 _build/nrf52832_xxaa/nrf_fstorage_sd.c.o
                0x0000000000027ae0                nrf_fstorage_sdh_req_handler
 .text.nrf_fstorage_sys_evt_handler
                0x0000000000027b00      0x1f4 _build/nrf52832_xxaa/nrf_fstorage_sd.c.o
                0x0000000000027b00                nrf_fstorage_sys_evt_handler
 .text.queue_process
                0x0000000000027cf4       0xdc _build/nrf52832_xxaa/nrf_fstorage_sd.c.o
 .text.write    0x0000000000027dd0       0x78 _build/nrf52832_xxaa/nrf_fstorage_sd.c.o
 .text.erase    0x0000000000027e48       0x94 _build/nrf52832_xxaa/nrf_fstorage_sd.c.o
 .text.nrf_fstorage_sdh_state_handler
                0x0000000000027edc       0xf0 _build/nrf52832_xxaa/nrf_fstorage_sd.c.o
                0x0000000000027edc                nrf_fstorage_sdh_state_handler
 .text.nrf_memobj_pool_init
                0x0000000000027fcc        0x4 _build/nrf52832_xxaa/nrf_memobj.c.o
                0x0000000000027fcc                nrf_memobj_pool_init
 .text.nrf_memobj_alloc
                0x0000000000027fd0       0x84 _build/nrf52832_xxaa/nrf_memobj.c.o
                0x0000000000027fd0                nrf_memobj_alloc
 .text.nrf_memobj_get
                0x0000000000028054       0x20 _build/nrf52832_xxaa/nrf_memobj.c.o
                0x0000000000028054                nrf_memobj_get
 .text.nrf_memobj_put
                0x0000000000028074       0x50 _build/nrf52832_xxaa/nrf_memobj.c.o
                0x0000000000028074                nrf_memobj_put
 .text.nrf_memobj_write
                0x00000000000280c4       0x5c _build/nrf52832_xxaa/nrf_memobj.c.o
                0x00000000000280c4                nrf_memobj_write
 .text.nrf_memobj_read
                0x0000000000028120       0x5c _build/nrf52832_xxaa/nrf_memobj.c.o
                0x0000000000028120                nrf_memobj_read
 .text.nrf_section_iter_init
                0x000000000002817c       0x14 _build/nrf52832_xxaa/nrf_section_iter.c.o
                0x000000000002817c                nrf_section_iter_init
 .text.nrf_section_iter_next
                0x0000000000028190       0x18 _build/nrf52832_xxaa/nrf_section_iter.c.o
                0x0000000000028190                nrf_section_iter_next
 .text.nrf_strerror_get
                0x00000000000281a8       0x6c _build/nrf52832_xxaa/nrf_strerror.c.o
                0x00000000000281a8                nrf_strerror_get
 .text.sdk_mapped_flags_first_key_index_get
                0x0000000000028214       0x30 _build/nrf52832_xxaa/sdk_mapped_flags.c.o
                0x0000000000028214                sdk_mapped_flags_first_key_index_get
 .text.sdk_mapped_flags_update_by_key
                0x0000000000028244       0x38 _build/nrf52832_xxaa/sdk_mapped_flags.c.o
                0x0000000000028244                sdk_mapped_flags_update_by_key
 .text.sdk_mapped_flags_bulk_update_by_key
                0x000000000002827c       0x5c _build/nrf52832_xxaa/sdk_mapped_flags.c.o
                0x000000000002827c                sdk_mapped_flags_bulk_update_by_key
 .text.sdk_mapped_flags_get_by_key
                0x00000000000282d8       0x38 _build/nrf52832_xxaa/sdk_mapped_flags.c.o
                0x00000000000282d8                sdk_mapped_flags_get_by_key
 .text.sdk_mapped_flags_key_list_get
                0x0000000000028310       0x34 _build/nrf52832_xxaa/sdk_mapped_flags.c.o
                0x0000000000028310                sdk_mapped_flags_key_list_get
 .text.sensorsim_init
                0x0000000000028344       0x1c _build/nrf52832_xxaa/sensorsim.c.o
                0x0000000000028344                sensorsim_init
 .text.sensorsim_measure
                0x0000000000028360       0x48 _build/nrf52832_xxaa/sensorsim.c.o
                0x0000000000028360                sensorsim_measure
 .text.bsp_board_led_state_get
                0x00000000000283a8       0x1c _build/nrf52832_xxaa/boards.c.o
                0x00000000000283a8                bsp_board_led_state_get
 .text.bsp_board_led_on
                0x00000000000283c4       0x18 _build/nrf52832_xxaa/boards.c.o
                0x00000000000283c4                bsp_board_led_on
 .text.bsp_board_led_off
                0x00000000000283dc       0x18 _build/nrf52832_xxaa/boards.c.o
                0x00000000000283dc                bsp_board_led_off
 .text.bsp_board_leds_off
                0x00000000000283f4       0x2c _build/nrf52832_xxaa/boards.c.o
                0x00000000000283f4                bsp_board_leds_off
 .text.bsp_board_leds_on
                0x0000000000028420       0x2c _build/nrf52832_xxaa/boards.c.o
                0x0000000000028420                bsp_board_leds_on
 .text.bsp_board_led_invert
                0x000000000002844c       0x24 _build/nrf52832_xxaa/boards.c.o
                0x000000000002844c                bsp_board_led_invert
 .text.bsp_board_leds_init
                0x0000000000028470       0x3c _build/nrf52832_xxaa/boards.c.o
                0x0000000000028470                bsp_board_leds_init
 .text.bsp_board_button_state_get
                0x00000000000284ac       0x1c _build/nrf52832_xxaa/boards.c.o
                0x00000000000284ac                bsp_board_button_state_get
 .text.bsp_board_pin_to_button_idx
                0x00000000000284c8       0x24 _build/nrf52832_xxaa/boards.c.o
                0x00000000000284c8                bsp_board_pin_to_button_idx
 .text.bsp_board_button_idx_to_pin
                0x00000000000284ec        0xc _build/nrf52832_xxaa/boards.c.o
                0x00000000000284ec                bsp_board_button_idx_to_pin
 .text.soc_evt_handler
                0x00000000000284f8       0x24 _build/nrf52832_xxaa/nrf_drv_clock.c.o
 .text.sd_state_evt_handler
                0x000000000002851c       0xc0 _build/nrf52832_xxaa/nrf_drv_clock.c.o
 .text.POWER_CLOCK_IRQHandler
                0x00000000000285dc       0x7c _build/nrf52832_xxaa/nrf_drv_clock.c.o
                0x00000000000285dc                POWER_CLOCK_IRQHandler
 .text.nrf_drv_common_irq_enable
                0x0000000000028658       0x48 _build/nrf52832_xxaa/nrf_drv_common.c.o
                0x0000000000028658                nrf_drv_common_irq_enable
 .text.nrf_drv_gpiote_init
                0x00000000000286a0       0x74 _build/nrf52832_xxaa/nrf_drv_gpiote.c.o
                0x00000000000286a0                nrf_drv_gpiote_init
 .text.nrf_drv_gpiote_is_init
                0x0000000000028714       0x14 _build/nrf52832_xxaa/nrf_drv_gpiote.c.o
                0x0000000000028714                nrf_drv_gpiote_is_init
 .text.nrf_drv_gpiote_in_init
                0x0000000000028728      0x19c _build/nrf52832_xxaa/nrf_drv_gpiote.c.o
                0x0000000000028728                nrf_drv_gpiote_in_init
 .text.nrf_drv_gpiote_in_event_enable
                0x00000000000288c4       0xc4 _build/nrf52832_xxaa/nrf_drv_gpiote.c.o
                0x00000000000288c4                nrf_drv_gpiote_in_event_enable
 .text.nrf_drv_gpiote_in_is_set
                0x0000000000028988       0x14 _build/nrf52832_xxaa/nrf_drv_gpiote.c.o
                0x0000000000028988                nrf_drv_gpiote_in_is_set
 .text.GPIOTE_IRQHandler
                0x000000000002899c      0x548 _build/nrf52832_xxaa/nrf_drv_gpiote.c.o
                0x000000000002899c                GPIOTE_IRQHandler
 .text.nrf_drv_uart_init
                0x0000000000028ee4      0x1d0 _build/nrf52832_xxaa/nrf_drv_uart.c.o
                0x0000000000028ee4                nrf_drv_uart_init
 .text.nrf_drv_uart_uninit
                0x00000000000290b4      0x108 _build/nrf52832_xxaa/nrf_drv_uart.c.o
                0x00000000000290b4                nrf_drv_uart_uninit
 .text.nrf_drv_uart_tx
                0x00000000000291bc      0x154 _build/nrf52832_xxaa/nrf_drv_uart.c.o
                0x00000000000291bc                nrf_drv_uart_tx
 .text.UARTE0_UART0_IRQHandler
                0x0000000000029310      0x2e4 _build/nrf52832_xxaa/nrf_drv_uart.c.o
                0x0000000000029310                UARTE0_UART0_IRQHandler
 .text.alert_timer_handler
                0x00000000000295f4        0x8 _build/nrf52832_xxaa/bsp.c.o
 .text.bsp_button_event_handler
                0x00000000000295fc       0xa0 _build/nrf52832_xxaa/bsp.c.o
 .text.button_timer_handler
                0x000000000002969c       0x30 _build/nrf52832_xxaa/bsp.c.o
 .text.leds_timer_handler
                0x00000000000296cc      0x2e4 _build/nrf52832_xxaa/bsp.c.o
 .text.bsp_button_is_pressed
                0x00000000000299b0        0x4 _build/nrf52832_xxaa/bsp.c.o
                0x00000000000299b0                bsp_button_is_pressed
 .text.bsp_indication_set
                0x00000000000299b4      0x328 _build/nrf52832_xxaa/bsp.c.o
                0x00000000000299b4                bsp_indication_set
 .text.bsp_init
                0x0000000000029cdc       0xac _build/nrf52832_xxaa/bsp.c.o
                0x0000000000029cdc                bsp_init
 .text.bsp_event_to_button_action_assign
                0x0000000000029d88       0x50 _build/nrf52832_xxaa/bsp.c.o
                0x0000000000029d88                bsp_event_to_button_action_assign
 .text.bsp_wakeup_button_enable
                0x0000000000029dd8       0x28 _build/nrf52832_xxaa/bsp.c.o
                0x0000000000029dd8                bsp_wakeup_button_enable
 .text.ble_evt_handler
                0x0000000000029e00       0xac _build/nrf52832_xxaa/bsp_btn_ble.c.o
 .text.bsp_btn_ble_sleep_mode_prepare
                0x0000000000029eac       0x24 _build/nrf52832_xxaa/bsp_btn_ble.c.o
                0x0000000000029eac                bsp_btn_ble_sleep_mode_prepare
 .text.bsp_btn_ble_init
                0x0000000000029ed0       0x6c _build/nrf52832_xxaa/bsp_btn_ble.c.o
                0x0000000000029ed0                bsp_btn_ble_init
 .text.sd_power_system_off
                0x0000000000029f3c        0x4 _build/nrf52832_xxaa/main.c.o
 .text.sd_app_evt_wait
                0x0000000000029f40        0x4 _build/nrf52832_xxaa/main.c.o
 .text.sd_ble_gap_disconnect
                0x0000000000029f44        0x4 _build/nrf52832_xxaa/main.c.o
 .text.sd_ble_gap_appearance_set
                0x0000000000029f48        0x4 _build/nrf52832_xxaa/main.c.o
 .text.sd_ble_gap_ppcp_set
                0x0000000000029f4c        0x4 _build/nrf52832_xxaa/main.c.o
 .text.sd_ble_gap_device_name_set
                0x0000000000029f50        0x4 _build/nrf52832_xxaa/main.c.o
 .text.sd_ble_gap_phy_update
                0x0000000000029f54        0x4 _build/nrf52832_xxaa/main.c.o
 .text.sd_ble_gatts_rw_authorize_reply
                0x0000000000029f58        0x4 _build/nrf52832_xxaa/main.c.o
 .text.sd_ble_user_mem_reply
                0x0000000000029f5c        0x4 _build/nrf52832_xxaa/main.c.o
 .text.fds_evt_handler
                0x0000000000029f60        0x4 _build/nrf52832_xxaa/main.c.o
 .text.conn_params_error_handler
                0x0000000000029f64        0x4 _build/nrf52832_xxaa/main.c.o
 .text.sensor_contact_detected_timeout_handler
                0x0000000000029f68       0x1c _build/nrf52832_xxaa/main.c.o
 .text.heart_rate_meas_timeout_handler
                0x0000000000029f84       0x64 _build/nrf52832_xxaa/main.c.o
 .text.battery_level_meas_timeout_handler
                0x0000000000029fe8       0x3c _build/nrf52832_xxaa/main.c.o
 .text.ble_evt_handler
                0x000000000002a024       0xe8 _build/nrf52832_xxaa/main.c.o
 .text.gatt_evt_handler
                0x000000000002a10c       0x48 _build/nrf52832_xxaa/main.c.o
 .text.on_conn_params_evt
                0x000000000002a154       0x24 _build/nrf52832_xxaa/main.c.o
 .text.bsp_event_handler
                0x000000000002a178       0x70 _build/nrf52832_xxaa/main.c.o
                0x000000000002a178                bsp_event_handler
 .text.rr_interval_timeout_handler
                0x000000000002a1e8       0x80 _build/nrf52832_xxaa/main.c.o
 .text.on_adv_evt
                0x000000000002a268       0x58 _build/nrf52832_xxaa/main.c.o
 .text.pm_evt_handler
                0x000000000002a2c0       0xb0 _build/nrf52832_xxaa/main.c.o
 .text.startup.main
                0x000000000002a370      0x420 _build/nrf52832_xxaa/main.c.o
                0x000000000002a370                main
 .text.sd_ble_gap_addr_get
                0x000000000002a790        0x4 _build/nrf52832_xxaa/ble_advdata.c.o
 .text.sd_ble_gap_adv_data_set
                0x000000000002a794        0x4 _build/nrf52832_xxaa/ble_advdata.c.o
 .text.sd_ble_gap_appearance_get
                0x000000000002a798        0x4 _build/nrf52832_xxaa/ble_advdata.c.o
 .text.sd_ble_gap_device_name_get
                0x000000000002a79c        0x4 _build/nrf52832_xxaa/ble_advdata.c.o
 .text.sd_ble_uuid_encode
                0x000000000002a7a0        0x4 _build/nrf52832_xxaa/ble_advdata.c.o
 .text.uuid_list_sized_encode
                0x000000000002a7a4       0xd0 _build/nrf52832_xxaa/ble_advdata.c.o
 .text.ble_advdata_encode
                0x000000000002a874      0x3ec _build/nrf52832_xxaa/ble_advdata.c.o
                0x000000000002a874                ble_advdata_encode
 .text.ble_advdata_set
                0x000000000002ac60      0x4e4 _build/nrf52832_xxaa/ble_advdata.c.o
                0x000000000002ac60                ble_advdata_set
 .text.sd_ble_gap_adv_start
                0x000000000002b144        0x4 _build/nrf52832_xxaa/ble_advertising.c.o
 .text.sd_ble_gap_adv_stop
                0x000000000002b148        0x4 _build/nrf52832_xxaa/ble_advertising.c.o
 .text.ble_advertising_start.part.2
                0x000000000002b14c      0x228 _build/nrf52832_xxaa/ble_advertising.c.o
 .text.ble_advertising_conn_cfg_tag_set
                0x000000000002b374        0x8 _build/nrf52832_xxaa/ble_advertising.c.o
                0x000000000002b374                ble_advertising_conn_cfg_tag_set
 .text.ble_advertising_init
                0x000000000002b37c      0x160 _build/nrf52832_xxaa/ble_advertising.c.o
                0x000000000002b37c                ble_advertising_init
 .text.ble_advertising_start
                0x000000000002b4dc      0x1f8 _build/nrf52832_xxaa/ble_advertising.c.o
                0x000000000002b4dc                ble_advertising_start
 .text.ble_advertising_on_ble_evt
                0x000000000002b6d4       0x94 _build/nrf52832_xxaa/ble_advertising.c.o
                0x000000000002b6d4                ble_advertising_on_ble_evt
 .text.ble_advertising_on_sys_evt
                0x000000000002b768       0x44 _build/nrf52832_xxaa/ble_advertising.c.o
                0x000000000002b768                ble_advertising_on_sys_evt
 .text.ble_advertising_restart_without_whitelist
                0x000000000002b7ac       0x5c _build/nrf52832_xxaa/ble_advertising.c.o
                0x000000000002b7ac                ble_advertising_restart_without_whitelist
 .text.sd_ble_gap_conn_param_update
                0x000000000002b808        0x4 _build/nrf52832_xxaa/ble_conn_params.c.o
 .text.sd_ble_gap_disconnect
                0x000000000002b80c        0x4 _build/nrf52832_xxaa/ble_conn_params.c.o
 .text.sd_ble_gap_ppcp_set
                0x000000000002b810        0x4 _build/nrf52832_xxaa/ble_conn_params.c.o
 .text.sd_ble_gap_ppcp_get
                0x000000000002b814        0x4 _build/nrf52832_xxaa/ble_conn_params.c.o
 .text.update_timeout_handler
                0x000000000002b818       0x80 _build/nrf52832_xxaa/ble_conn_params.c.o
 .text.ble_evt_handler
                0x000000000002b898      0x1d4 _build/nrf52832_xxaa/ble_conn_params.c.o
 .text.ble_conn_params_init
                0x000000000002ba6c       0x7c _build/nrf52832_xxaa/ble_conn_params.c.o
                0x000000000002ba6c                ble_conn_params_init
 .text.ble_evt_handler
                0x000000000002bae8      0x114 _build/nrf52832_xxaa/ble_conn_state.c.o
 .text.ble_conn_state_role
                0x000000000002bbfc       0x2c _build/nrf52832_xxaa/ble_conn_state.c.o
                0x000000000002bbfc                ble_conn_state_role
 .text.ble_conn_state_encrypted
                0x000000000002bc28       0x10 _build/nrf52832_xxaa/ble_conn_state.c.o
                0x000000000002bc28                ble_conn_state_encrypted
 .text.ble_conn_state_mitm_protected
                0x000000000002bc38       0x10 _build/nrf52832_xxaa/ble_conn_state.c.o
                0x000000000002bc38                ble_conn_state_mitm_protected
 .text.ble_conn_state_conn_handles
                0x000000000002bc48       0x18 _build/nrf52832_xxaa/ble_conn_state.c.o
                0x000000000002bc48                ble_conn_state_conn_handles
 .text.ble_conn_state_user_flag_acquire
                0x000000000002bc60       0x30 _build/nrf52832_xxaa/ble_conn_state.c.o
                0x000000000002bc60                ble_conn_state_user_flag_acquire
 .text.ble_conn_state_user_flag_get
                0x000000000002bc90       0x28 _build/nrf52832_xxaa/ble_conn_state.c.o
                0x000000000002bc90                ble_conn_state_user_flag_get
 .text.ble_conn_state_user_flag_set
                0x000000000002bcb8       0x28 _build/nrf52832_xxaa/ble_conn_state.c.o
                0x000000000002bcb8                ble_conn_state_user_flag_set
 .text.ble_conn_state_user_flag_collection
                0x000000000002bce0       0x1c _build/nrf52832_xxaa/ble_conn_state.c.o
                0x000000000002bce0                ble_conn_state_user_flag_collection
 .text.ble_srv_is_notification_enabled
                0x000000000002bcfc        0x8 _build/nrf52832_xxaa/ble_srv_common.c.o
                0x000000000002bcfc                ble_srv_is_notification_enabled
 .text.ble_srv_report_ref_encode
                0x000000000002bd04        0xc _build/nrf52832_xxaa/ble_srv_common.c.o
                0x000000000002bd04                ble_srv_report_ref_encode
 .text.ble_srv_ascii_to_utf8
                0x000000000002bd10       0x14 _build/nrf52832_xxaa/ble_srv_common.c.o
                0x000000000002bd10                ble_srv_ascii_to_utf8
 .text.local_db_update_in_evt
                0x000000000002bd24       0x9c _build/nrf52832_xxaa/gatt_cache_manager.c.o
 .text.local_db_apply_in_evt.part.1
                0x000000000002bdc0       0x94 _build/nrf52832_xxaa/gatt_cache_manager.c.o
 .text.service_changed_pending_flags_check.part.2
                0x000000000002be54       0xf8 _build/nrf52832_xxaa/gatt_cache_manager.c.o
 .text.gcm_gscm_evt_handler
                0x000000000002bf4c       0x80 _build/nrf52832_xxaa/gatt_cache_manager.c.o
                0x000000000002bf4c                gcm_gscm_evt_handler
 .text.gcm_im_evt_handler
                0x000000000002bfcc       0xb4 _build/nrf52832_xxaa/gatt_cache_manager.c.o
                0x000000000002bfcc                gcm_im_evt_handler
 .text.gcm_smd_evt_handler
                0x000000000002c080       0xb0 _build/nrf52832_xxaa/gatt_cache_manager.c.o
                0x000000000002c080                gcm_smd_evt_handler
 .text.gcm_init
                0x000000000002c130       0x54 _build/nrf52832_xxaa/gatt_cache_manager.c.o
                0x000000000002c130                gcm_init
 .text.gcm_ble_evt_handler
                0x000000000002c184      0x114 _build/nrf52832_xxaa/gatt_cache_manager.c.o
                0x000000000002c184                gcm_ble_evt_handler
 .text.gcm_local_database_has_changed
                0x000000000002c298       0x70 _build/nrf52832_xxaa/gatt_cache_manager.c.o
                0x000000000002c298                gcm_local_database_has_changed
 .text.sd_ble_gatts_service_changed
                0x000000000002c308        0x4 _build/nrf52832_xxaa/gatts_cache_manager.c.o
 .text.sd_ble_gatts_sys_attr_set
                0x000000000002c30c        0x4 _build/nrf52832_xxaa/gatts_cache_manager.c.o
 .text.sd_ble_gatts_sys_attr_get
                0x000000000002c310        0x4 _build/nrf52832_xxaa/gatts_cache_manager.c.o
 .text.gscm_pdb_evt_handler
                0x000000000002c314       0x8c _build/nrf52832_xxaa/gatts_cache_manager.c.o
                0x000000000002c314                gscm_pdb_evt_handler
 .text.gscm_init
                0x000000000002c3a0       0x10 _build/nrf52832_xxaa/gatts_cache_manager.c.o
                0x000000000002c3a0                gscm_init
 .text.gscm_local_db_cache_update
                0x000000000002c3b0       0x98 _build/nrf52832_xxaa/gatts_cache_manager.c.o
                0x000000000002c3b0                gscm_local_db_cache_update
 .text.gscm_local_db_cache_apply
                0x000000000002c448       0x84 _build/nrf52832_xxaa/gatts_cache_manager.c.o
                0x000000000002c448                gscm_local_db_cache_apply
 .text.gscm_local_database_has_changed
                0x000000000002c4cc       0x5c _build/nrf52832_xxaa/gatts_cache_manager.c.o
                0x000000000002c4cc                gscm_local_database_has_changed
 .text.gscm_service_changed_ind_needed
                0x000000000002c528       0x24 _build/nrf52832_xxaa/gatts_cache_manager.c.o
                0x000000000002c528                gscm_service_changed_ind_needed
 .text.gscm_service_changed_ind_send
                0x000000000002c54c       0x2c _build/nrf52832_xxaa/gatts_cache_manager.c.o
                0x000000000002c54c                gscm_service_changed_ind_send
 .text.gscm_db_change_notification_done
                0x000000000002c578       0x24 _build/nrf52832_xxaa/gatts_cache_manager.c.o
                0x000000000002c578                gscm_db_change_notification_done
 .text.sd_ecb_block_encrypt
                0x000000000002c59c        0x4 _build/nrf52832_xxaa/id_manager.c.o
 .text.im_ble_evt_handler
                0x000000000002c5a0      0x270 _build/nrf52832_xxaa/id_manager.c.o
                0x000000000002c5a0                im_ble_evt_handler
 .text.im_pdb_evt_handler
                0x000000000002c810      0x118 _build/nrf52832_xxaa/id_manager.c.o
                0x000000000002c810                im_pdb_evt_handler
 .text.im_init  0x000000000002c928       0x34 _build/nrf52832_xxaa/id_manager.c.o
                0x000000000002c928                im_init
 .text.im_peer_id_get_by_conn_handle
                0x000000000002c95c       0x40 _build/nrf52832_xxaa/id_manager.c.o
                0x000000000002c95c                im_peer_id_get_by_conn_handle
 .text.im_ble_addr_get
                0x000000000002c99c       0x50 _build/nrf52832_xxaa/id_manager.c.o
                0x000000000002c99c                im_ble_addr_get
 .text.im_master_ids_compare
                0x000000000002c9ec       0x44 _build/nrf52832_xxaa/id_manager.c.o
                0x000000000002c9ec                im_master_ids_compare
 .text.im_peer_id_get_by_master_id
                0x000000000002ca30       0xf0 _build/nrf52832_xxaa/id_manager.c.o
                0x000000000002ca30                im_peer_id_get_by_master_id
 .text.im_conn_handle_get
                0x000000000002cb20       0x38 _build/nrf52832_xxaa/id_manager.c.o
                0x000000000002cb20                im_conn_handle_get
 .text.im_master_id_is_valid
                0x000000000002cb58       0x30 _build/nrf52832_xxaa/id_manager.c.o
                0x000000000002cb58                im_master_id_is_valid
 .text.im_new_peer_id
                0x000000000002cb88       0x3c _build/nrf52832_xxaa/id_manager.c.o
                0x000000000002cb88                im_new_peer_id
 .text.im_peer_free
                0x000000000002cbc4       0x7c _build/nrf52832_xxaa/id_manager.c.o
                0x000000000002cbc4                im_peer_free
 .text.sd_ble_gap_data_length_update
                0x000000000002cc40        0x4 _build/nrf52832_xxaa/nrf_ble_gatt.c.o
 .text.sd_ble_gattc_exchange_mtu_request
                0x000000000002cc44        0x4 _build/nrf52832_xxaa/nrf_ble_gatt.c.o
 .text.sd_ble_gatts_exchange_mtu_reply
                0x000000000002cc48        0x4 _build/nrf52832_xxaa/nrf_ble_gatt.c.o
 .text.nrf_ble_gatt_init
                0x000000000002cc4c       0x30 _build/nrf52832_xxaa/nrf_ble_gatt.c.o
                0x000000000002cc4c                nrf_ble_gatt_init
 .text.nrf_ble_gatt_on_ble_evt
                0x000000000002cc7c      0x1f0 _build/nrf52832_xxaa/nrf_ble_gatt.c.o
                0x000000000002cc7c                nrf_ble_gatt_on_ble_evt
 .text.peer_data_delete
                0x000000000002ce6c       0x90 _build/nrf52832_xxaa/peer_data_storage.c.o
 .text.fds_evt_handler
                0x000000000002cefc      0x128 _build/nrf52832_xxaa/peer_data_storage.c.o
 .text.pds_init
                0x000000000002d024       0x6c _build/nrf52832_xxaa/peer_data_storage.c.o
                0x000000000002d024                pds_init
 .text.pds_peer_data_read
                0x000000000002d090       0x84 _build/nrf52832_xxaa/peer_data_storage.c.o
                0x000000000002d090                pds_peer_data_read
 .text.pds_peer_data_iterate_prepare
                0x000000000002d114       0x10 _build/nrf52832_xxaa/peer_data_storage.c.o
                0x000000000002d114                pds_peer_data_iterate_prepare
 .text.pds_peer_data_iterate
                0x000000000002d124       0x50 _build/nrf52832_xxaa/peer_data_storage.c.o
                0x000000000002d124                pds_peer_data_iterate
 .text.pds_space_reserve
                0x000000000002d174       0x30 _build/nrf52832_xxaa/peer_data_storage.c.o
                0x000000000002d174                pds_space_reserve
 .text.pds_space_reserve_cancel
                0x000000000002d1a4       0x20 _build/nrf52832_xxaa/peer_data_storage.c.o
                0x000000000002d1a4                pds_space_reserve_cancel
 .text.pds_peer_data_store
                0x000000000002d1c4       0xc0 _build/nrf52832_xxaa/peer_data_storage.c.o
                0x000000000002d1c4                pds_peer_data_store
 .text.pds_peer_id_allocate
                0x000000000002d284        0x8 _build/nrf52832_xxaa/peer_data_storage.c.o
                0x000000000002d284                pds_peer_id_allocate
 .text.pds_peer_id_free
                0x000000000002d28c       0x18 _build/nrf52832_xxaa/peer_data_storage.c.o
                0x000000000002d28c                pds_peer_id_free
 .text.pds_peer_id_is_allocated
                0x000000000002d2a4        0x4 _build/nrf52832_xxaa/peer_data_storage.c.o
                0x000000000002d2a4                pds_peer_id_is_allocated
 .text.pds_next_peer_id_get
                0x000000000002d2a8        0x4 _build/nrf52832_xxaa/peer_data_storage.c.o
                0x000000000002d2a8                pds_next_peer_id_get
 .text.pds_next_deleted_peer_id_get
                0x000000000002d2ac        0x4 _build/nrf52832_xxaa/peer_data_storage.c.o
                0x000000000002d2ac                pds_next_deleted_peer_id_get
 .text.pdb_write_buf_store.part.2
                0x000000000002d2b0      0x450 _build/nrf52832_xxaa/peer_database.c.o
 .text.pdb_pds_evt_handler
                0x000000000002d700      0x628 _build/nrf52832_xxaa/peer_database.c.o
                0x000000000002d700                pdb_pds_evt_handler
 .text.pdb_init
                0x000000000002dd28      0x148 _build/nrf52832_xxaa/peer_database.c.o
                0x000000000002dd28                pdb_init
 .text.pdb_peer_allocate
                0x000000000002de70        0x4 _build/nrf52832_xxaa/peer_database.c.o
                0x000000000002de70                pdb_peer_allocate
 .text.pdb_peer_free
                0x000000000002de74      0x55c _build/nrf52832_xxaa/peer_database.c.o
                0x000000000002de74                pdb_peer_free
 .text.pdb_peer_data_ptr_get
                0x000000000002e3d0        0x8 _build/nrf52832_xxaa/peer_database.c.o
                0x000000000002e3d0                pdb_peer_data_ptr_get
 .text.pdb_write_buf_get
                0x000000000002e3d8      0x810 _build/nrf52832_xxaa/peer_database.c.o
                0x000000000002e3d8                pdb_write_buf_get
 .text.pdb_write_buf_release
                0x000000000002ebe8      0x3b8 _build/nrf52832_xxaa/peer_database.c.o
                0x000000000002ebe8                pdb_write_buf_release
 .text.pdb_write_buf_store_prepare
                0x000000000002efa0      0x3b4 _build/nrf52832_xxaa/peer_database.c.o
                0x000000000002efa0                pdb_write_buf_store_prepare
 .text.pdb_write_buf_store
                0x000000000002f354       0x10 _build/nrf52832_xxaa/peer_database.c.o
                0x000000000002f354                pdb_write_buf_store
 .text.pdb_next_peer_id_get
                0x000000000002f364        0x4 _build/nrf52832_xxaa/peer_database.c.o
                0x000000000002f364                pdb_next_peer_id_get
 .text.pdb_next_deleted_peer_id_get
                0x000000000002f368        0x4 _build/nrf52832_xxaa/peer_database.c.o
                0x000000000002f368                pdb_next_deleted_peer_id_get
 .text.pdb_raw_store
                0x000000000002f36c        0x8 _build/nrf52832_xxaa/peer_database.c.o
                0x000000000002f36c                pdb_raw_store
 .text.peer_id_init
                0x000000000002f374       0x2c _build/nrf52832_xxaa/peer_id.c.o
                0x000000000002f374                peer_id_init
 .text.peer_id_allocate
                0x000000000002f3a0       0x38 _build/nrf52832_xxaa/peer_id.c.o
                0x000000000002f3a0                peer_id_allocate
 .text.peer_id_delete
                0x000000000002f3d8       0x24 _build/nrf52832_xxaa/peer_id.c.o
                0x000000000002f3d8                peer_id_delete
 .text.peer_id_free
                0x000000000002f3fc       0x28 _build/nrf52832_xxaa/peer_id.c.o
                0x000000000002f3fc                peer_id_free
 .text.peer_id_is_allocated
                0x000000000002f424       0x14 _build/nrf52832_xxaa/peer_id.c.o
                0x000000000002f424                peer_id_is_allocated
 .text.peer_id_get_next_used
                0x000000000002f438       0x70 _build/nrf52832_xxaa/peer_id.c.o
                0x000000000002f438                peer_id_get_next_used
 .text.peer_id_get_next_deleted
                0x000000000002f4a8       0x40 _build/nrf52832_xxaa/peer_id.c.o
                0x000000000002f4a8                peer_id_get_next_deleted
 .text.ble_evt_handler
                0x000000000002f4e8       0x24 _build/nrf52832_xxaa/peer_manager.c.o
 .text.pm_pdb_evt_handler
                0x000000000002f50c      0x21c _build/nrf52832_xxaa/peer_manager.c.o
                0x000000000002f50c                pm_pdb_evt_handler
 .text.pm_sm_evt_handler
                0x000000000002f728      0x1d4 _build/nrf52832_xxaa/peer_manager.c.o
                0x000000000002f728                pm_sm_evt_handler
 .text.pm_gcm_evt_handler
                0x000000000002f8fc       0xb8 _build/nrf52832_xxaa/peer_manager.c.o
                0x000000000002f8fc                pm_gcm_evt_handler
 .text.pm_im_evt_handler
                0x000000000002f9b4       0x74 _build/nrf52832_xxaa/peer_manager.c.o
                0x000000000002f9b4                pm_im_evt_handler
 .text.pm_init  0x000000000002fa28       0x84 _build/nrf52832_xxaa/peer_manager.c.o
                0x000000000002fa28                pm_init
 .text.pm_register
                0x000000000002faac       0x38 _build/nrf52832_xxaa/peer_manager.c.o
                0x000000000002faac                pm_register
 .text.pm_sec_params_set
                0x000000000002fae4       0x14 _build/nrf52832_xxaa/peer_manager.c.o
                0x000000000002fae4                pm_sec_params_set
 .text.pm_conn_sec_config_reply
                0x000000000002faf8        0x4 _build/nrf52832_xxaa/peer_manager.c.o
                0x000000000002faf8                pm_conn_sec_config_reply
 .text.pm_local_database_has_changed
                0x000000000002fafc       0x10 _build/nrf52832_xxaa/peer_manager.c.o
                0x000000000002fafc                pm_local_database_has_changed
 .text.pm_peers_delete
                0x000000000002fb0c       0x9c _build/nrf52832_xxaa/peer_manager.c.o
                0x000000000002fb0c                pm_peers_delete
 .text.pm_buffer_init
                0x000000000002fba8       0x40 _build/nrf52832_xxaa/pm_buffer.c.o
                0x000000000002fba8                pm_buffer_init
 .text.pm_buffer_block_acquire
                0x000000000002fbe8       0x90 _build/nrf52832_xxaa/pm_buffer.c.o
                0x000000000002fbe8                pm_buffer_block_acquire
 .text.pm_buffer_ptr_get
                0x000000000002fc78       0x30 _build/nrf52832_xxaa/pm_buffer.c.o
                0x000000000002fc78                pm_buffer_ptr_get
 .text.pm_buffer_release
                0x000000000002fca8       0x30 _build/nrf52832_xxaa/pm_buffer.c.o
                0x000000000002fca8                pm_buffer_release
 .text.pm_mutex_init
                0x000000000002fcd8       0x10 _build/nrf52832_xxaa/pm_mutex.c.o
                0x000000000002fcd8                pm_mutex_init
 .text.pm_mutex_lock
                0x000000000002fce8       0x54 _build/nrf52832_xxaa/pm_mutex.c.o
                0x000000000002fce8                pm_mutex_lock
 .text.pm_mutex_unlock
                0x000000000002fd3c       0x40 _build/nrf52832_xxaa/pm_mutex.c.o
                0x000000000002fd3c                pm_mutex_unlock
 .text.pm_mutex_lock_first_available
                0x000000000002fd7c       0x78 _build/nrf52832_xxaa/pm_mutex.c.o
                0x000000000002fd7c                pm_mutex_lock_first_available
 .text.pm_mutex_lock_status_get
                0x000000000002fdf4       0x20 _build/nrf52832_xxaa/pm_mutex.c.o
                0x000000000002fdf4                pm_mutex_lock_status_get
 .text.sd_ble_gap_authenticate
                0x000000000002fe14        0x4 _build/nrf52832_xxaa/security_dispatcher.c.o
 .text.sd_ble_gap_sec_params_reply
                0x000000000002fe18        0x4 _build/nrf52832_xxaa/security_dispatcher.c.o
 .text.sd_ble_gap_encrypt
                0x000000000002fe1c        0x4 _build/nrf52832_xxaa/security_dispatcher.c.o
 .text.sd_ble_gap_sec_info_reply
                0x000000000002fe20        0x4 _build/nrf52832_xxaa/security_dispatcher.c.o
 .text.pairing_failure
                0x000000000002fe24       0x80 _build/nrf52832_xxaa/security_dispatcher.c.o
 .text.smd_pdb_evt_handler
                0x000000000002fea4       0x3c _build/nrf52832_xxaa/security_dispatcher.c.o
                0x000000000002fea4                smd_pdb_evt_handler
 .text.smd_init
                0x000000000002fee0       0x58 _build/nrf52832_xxaa/security_dispatcher.c.o
                0x000000000002fee0                smd_init
 .text.smd_params_reply
                0x000000000002ff38      0x1c4 _build/nrf52832_xxaa/security_dispatcher.c.o
                0x000000000002ff38                smd_params_reply
 .text.smd_link_secure
                0x00000000000300fc      0x270 _build/nrf52832_xxaa/security_dispatcher.c.o
                0x00000000000300fc                smd_link_secure
 .text.smd_ble_evt_handler
                0x000000000003036c      0x3b4 _build/nrf52832_xxaa/security_dispatcher.c.o
                0x000000000003036c                smd_ble_evt_handler
 .text.link_secure
                0x0000000000030720      0x170 _build/nrf52832_xxaa/security_manager.c.o
 .text.smd_params_reply_perform
                0x0000000000030890      0x170 _build/nrf52832_xxaa/security_manager.c.o
 .text.sm_smd_evt_handler
                0x0000000000030a00      0x178 _build/nrf52832_xxaa/security_manager.c.o
                0x0000000000030a00                sm_smd_evt_handler
 .text.sm_pdb_evt_handler
                0x0000000000030b78      0x178 _build/nrf52832_xxaa/security_manager.c.o
                0x0000000000030b78                sm_pdb_evt_handler
 .text.sm_init  0x0000000000030cf0       0xc0 _build/nrf52832_xxaa/security_manager.c.o
                0x0000000000030cf0                sm_init
 .text.sm_ble_evt_handler
                0x0000000000030db0      0x16c _build/nrf52832_xxaa/security_manager.c.o
                0x0000000000030db0                sm_ble_evt_handler
 .text.sm_sec_params_set
                0x0000000000030f1c       0x78 _build/nrf52832_xxaa/security_manager.c.o
                0x0000000000030f1c                sm_sec_params_set
 .text.sm_conn_sec_config_reply
                0x0000000000030f94       0x14 _build/nrf52832_xxaa/security_manager.c.o
                0x0000000000030f94                sm_conn_sec_config_reply
 .text          0x0000000000030fa8       0x3c _build/nrf52832_xxaa/gcc_startup_nrf52.S.o
                0x0000000000030fa8                Reset_Handler
                0x0000000000030fd0                NMI_Handler
                0x0000000000030fd2                HardFault_Handler
                0x0000000000030fd4                MemoryManagement_Handler
                0x0000000000030fd6                BusFault_Handler
                0x0000000000030fd8                UsageFault_Handler
                0x0000000000030fda                SVC_Handler
                0x0000000000030fdc                DebugMon_Handler
                0x0000000000030fde                PendSV_Handler
                0x0000000000030fe0                SysTick_Handler
                0x0000000000030fe2                TIMER4_IRQHandler
                0x0000000000030fe2                I2S_IRQHandler
                0x0000000000030fe2                SWI4_EGU4_IRQHandler
                0x0000000000030fe2                TIMER0_IRQHandler
                0x0000000000030fe2                TIMER1_IRQHandler
                0x0000000000030fe2                PWM2_IRQHandler
                0x0000000000030fe2                ECB_IRQHandler
                0x0000000000030fe2                SPIM1_SPIS1_TWIM1_TWIS1_SPI1_TWI1_IRQHandler
                0x0000000000030fe2                Default_Handler
                0x0000000000030fe2                SAADC_IRQHandler
                0x0000000000030fe2                CCM_AAR_IRQHandler
                0x0000000000030fe2                WDT_IRQHandler
                0x0000000000030fe2                SWI5_EGU5_IRQHandler
                0x0000000000030fe2                RNG_IRQHandler
                0x0000000000030fe2                RTC2_IRQHandler
                0x0000000000030fe2                PWM0_IRQHandler
                0x0000000000030fe2                SWI3_EGU3_IRQHandler
                0x0000000000030fe2                SWI1_EGU1_IRQHandler
                0x0000000000030fe2                SPIM2_SPIS2_SPI2_IRQHandler
                0x0000000000030fe2                NFCT_IRQHandler
                0x0000000000030fe2                MWU_IRQHandler
                0x0000000000030fe2                TIMER2_IRQHandler
                0x0000000000030fe2                COMP_LPCOMP_IRQHandler
                0x0000000000030fe2                RTC0_IRQHandler
                0x0000000000030fe2                PWM1_IRQHandler
                0x0000000000030fe2                RADIO_IRQHandler
                0x0000000000030fe2                PDM_IRQHandler
                0x0000000000030fe2                TEMP_IRQHandler
                0x0000000000030fe2                QDEC_IRQHandler
                0x0000000000030fe2                TIMER3_IRQHandler
                0x0000000000030fe2                FPU_IRQHandler
                0x0000000000030fe2                SPIM0_SPIS0_TWIM0_TWIS0_SPI0_TWI0_IRQHandler
 .text.SystemInit
                0x0000000000030fe4      0x384 _build/nrf52832_xxaa/system_nrf52.c.o
                0x0000000000030fe4                SystemInit
 .text.sd_ble_gatts_service_add
                0x0000000000031368        0x4 _build/nrf52832_xxaa/ble_bas.c.o
 .text.sd_ble_gatts_characteristic_add
                0x000000000003136c        0x4 _build/nrf52832_xxaa/ble_bas.c.o
 .text.sd_ble_gatts_descriptor_add
                0x0000000000031370        0x4 _build/nrf52832_xxaa/ble_bas.c.o
 .text.sd_ble_gatts_value_set
                0x0000000000031374        0x4 _build/nrf52832_xxaa/ble_bas.c.o
 .text.sd_ble_gatts_hvx
                0x0000000000031378        0x4 _build/nrf52832_xxaa/ble_bas.c.o
 .text.ble_bas_on_ble_evt
                0x000000000003137c       0x5c _build/nrf52832_xxaa/ble_bas.c.o
                0x000000000003137c                ble_bas_on_ble_evt
 .text.ble_bas_init
                0x00000000000313d8      0x1a8 _build/nrf52832_xxaa/ble_bas.c.o
                0x00000000000313d8                ble_bas_init
 .text.ble_bas_battery_level_update
                0x0000000000031580       0x8c _build/nrf52832_xxaa/ble_bas.c.o
                0x0000000000031580                ble_bas_battery_level_update
 .text.sd_ble_gatts_service_add
                0x000000000003160c        0x4 _build/nrf52832_xxaa/ble_dis.c.o
 .text.sd_ble_gatts_characteristic_add
                0x0000000000031610        0x4 _build/nrf52832_xxaa/ble_dis.c.o
 .text.char_add
                0x0000000000031614       0xb8 _build/nrf52832_xxaa/ble_dis.c.o
 .text.ble_dis_init
                0x00000000000316cc      0x2d4 _build/nrf52832_xxaa/ble_dis.c.o
                0x00000000000316cc                ble_dis_init
 .text.sd_ble_gatts_service_add
                0x00000000000319a0        0x4 _build/nrf52832_xxaa/ble_hrs.c.o
 .text.sd_ble_gatts_characteristic_add
                0x00000000000319a4        0x4 _build/nrf52832_xxaa/ble_hrs.c.o
 .text.sd_ble_gatts_hvx
                0x00000000000319a8        0x4 _build/nrf52832_xxaa/ble_hrs.c.o
 .text.heart_rate_measurement_char_add
                0x00000000000319ac      0x170 _build/nrf52832_xxaa/ble_hrs.c.o
 .text.ble_hrs_on_ble_evt
                0x0000000000031b1c       0x54 _build/nrf52832_xxaa/ble_hrs.c.o
                0x0000000000031b1c                ble_hrs_on_ble_evt
 .text.ble_hrs_init
                0x0000000000031b70       0xf4 _build/nrf52832_xxaa/ble_hrs.c.o
                0x0000000000031b70                ble_hrs_init
 .text.ble_hrs_heart_rate_measurement_send
                0x0000000000031c64      0x138 _build/nrf52832_xxaa/ble_hrs.c.o
                0x0000000000031c64                ble_hrs_heart_rate_measurement_send
 .text.ble_hrs_rr_interval_add
                0x0000000000031d9c       0x30 _build/nrf52832_xxaa/ble_hrs.c.o
                0x0000000000031d9c                ble_hrs_rr_interval_add
 .text.ble_hrs_sensor_contact_detected_update
                0x0000000000031dcc        0x8 _build/nrf52832_xxaa/ble_hrs.c.o
                0x0000000000031dcc                ble_hrs_sensor_contact_detected_update
 .text.ble_hrs_on_gatt_evt
                0x0000000000031dd4       0x20 _build/nrf52832_xxaa/ble_hrs.c.o
                0x0000000000031dd4                ble_hrs_on_gatt_evt
 .text.sd_softdevice_enable
                0x0000000000031df4        0x4 _build/nrf52832_xxaa/nrf_sdh.c.o
 .text.sd_softdevice_disable
                0x0000000000031df8        0x4 _build/nrf52832_xxaa/nrf_sdh.c.o
 .text.nrf_sdh_enable_request
                0x0000000000031dfc       0xfc _build/nrf52832_xxaa/nrf_sdh.c.o
                0x0000000000031dfc                nrf_sdh_enable_request
 .text.nrf_sdh_disable_request
                0x0000000000031ef8       0xcc _build/nrf52832_xxaa/nrf_sdh.c.o
                0x0000000000031ef8                nrf_sdh_disable_request
 .text.nrf_sdh_request_continue
                0x0000000000031fc4       0x20 _build/nrf52832_xxaa/nrf_sdh.c.o
                0x0000000000031fc4                nrf_sdh_request_continue
 .text.nrf_sdh_is_enabled
                0x0000000000031fe4        0xc _build/nrf52832_xxaa/nrf_sdh.c.o
                0x0000000000031fe4                nrf_sdh_is_enabled
 .text.SWI2_EGU2_IRQHandler
                0x0000000000031ff0       0x2c _build/nrf52832_xxaa/nrf_sdh.c.o
                0x0000000000031ff0                SWI2_EGU2_IRQHandler
 .text.sd_ble_enable
                0x000000000003201c        0x4 _build/nrf52832_xxaa/nrf_sdh_ble.c.o
 .text.sd_ble_cfg_set
                0x0000000000032020        0x4 _build/nrf52832_xxaa/nrf_sdh_ble.c.o
 .text.sd_ble_evt_get
                0x0000000000032024        0x4 _build/nrf52832_xxaa/nrf_sdh_ble.c.o
 .text.nrf_sdh_ble_evts_poll
                0x0000000000032028       0x50 _build/nrf52832_xxaa/nrf_sdh_ble.c.o
 .text.nrf_sdh_ble_default_cfg_set
                0x0000000000032078      0x1a8 _build/nrf52832_xxaa/nrf_sdh_ble.c.o
                0x0000000000032078                nrf_sdh_ble_default_cfg_set
 .text.nrf_sdh_ble_enable
                0x0000000000032220       0x74 _build/nrf52832_xxaa/nrf_sdh_ble.c.o
                0x0000000000032220                nrf_sdh_ble_enable
 .text.sd_evt_get
                0x0000000000032294        0x4 _build/nrf52832_xxaa/nrf_sdh_soc.c.o
 .text.nrf_sdh_soc_evts_poll
                0x0000000000032298       0x4c _build/nrf52832_xxaa/nrf_sdh_soc.c.o
 .text.exit     0x00000000000322e4       0x28 /Users/vk/Documents/FMBtechnologies/product/software/gcc-arm-none-eabi-7-2017-q4-major/bin/../lib/gcc/arm-none-eabi/7.2.1/../../../../arm-none-eabi/lib/thumb/v7e-m/fpv4-sp/hard/libc_nano.a(lib_a-exit.o)
                0x00000000000322e4                exit
 .text.__libc_init_array
                0x000000000003230c       0x48 /Users/vk/Documents/FMBtechnologies/product/software/gcc-arm-none-eabi-7-2017-q4-major/bin/../lib/gcc/arm-none-eabi/7.2.1/../../../../arm-none-eabi/lib/thumb/v7e-m/fpv4-sp/hard/libc_nano.a(lib_a-init.o)
                0x000000000003230c                __libc_init_array
 .text.__locale_ctype_ptr
                0x0000000000032354       0x1c /Users/vk/Documents/FMBtechnologies/product/software/gcc-arm-none-eabi-7-2017-q4-major/bin/../lib/gcc/arm-none-eabi/7.2.1/../../../../arm-none-eabi/lib/thumb/v7e-m/fpv4-sp/hard/libc_nano.a(lib_a-locale.o)
                0x0000000000032354                __locale_ctype_ptr
 .text.__ascii_mbtowc
                0x0000000000032370       0x24 /Users/vk/Documents/FMBtechnologies/product/software/gcc-arm-none-eabi-7-2017-q4-major/bin/../lib/gcc/arm-none-eabi/7.2.1/../../../../arm-none-eabi/lib/thumb/v7e-m/fpv4-sp/hard/libc_nano.a(lib_a-mbtowc_r.o)
                0x0000000000032370                __ascii_mbtowc
 .text.memcmp   0x0000000000032394       0x1e /Users/vk/Documents/FMBtechnologies/product/software/gcc-arm-none-eabi-7-2017-q4-major/bin/../lib/gcc/arm-none-eabi/7.2.1/../../../../arm-none-eabi/lib/thumb/v7e-m/fpv4-sp/hard/libc_nano.a(lib_a-memcmp.o)
                0x0000000000032394                memcmp
 .text.memcpy   0x00000000000323b2       0x16 /Users/vk/Documents/FMBtechnologies/product/software/gcc-arm-none-eabi-7-2017-q4-major/bin/../lib/gcc/arm-none-eabi/7.2.1/../../../../arm-none-eabi/lib/thumb/v7e-m/fpv4-sp/hard/libc_nano.a(lib_a-memcpy-stub.o)
                0x00000000000323b2                memcpy
 .text.memmove  0x00000000000323c8       0x32 /Users/vk/Documents/FMBtechnologies/product/software/gcc-arm-none-eabi-7-2017-q4-major/bin/../lib/gcc/arm-none-eabi/7.2.1/../../../../arm-none-eabi/lib/thumb/v7e-m/fpv4-sp/hard/libc_nano.a(lib_a-memmove.o)
                0x00000000000323c8                memmove
 .text.memset   0x00000000000323fa       0x10 /Users/vk/Documents/FMBtechnologies/product/software/gcc-arm-none-eabi-7-2017-q4-major/bin/../lib/gcc/arm-none-eabi/7.2.1/../../../../arm-none-eabi/lib/thumb/v7e-m/fpv4-sp/hard/libc_nano.a(lib_a-memset.o)
                0x00000000000323fa                memset
 .text          0x000000000003240a       0x10 /Users/vk/Documents/FMBtechnologies/product/software/gcc-arm-none-eabi-7-2017-q4-major/bin/../lib/gcc/arm-none-eabi/7.2.1/../../../../arm-none-eabi/lib/thumb/v7e-m/fpv4-sp/hard/libc_nano.a(lib_a-strlen.o)
                0x000000000003240a                strlen
 .text.__ascii_wctomb
                0x000000000003241a       0x1a /Users/vk/Documents/FMBtechnologies/product/software/gcc-arm-none-eabi-7-2017-q4-major/bin/../lib/gcc/arm-none-eabi/7.2.1/../../../../arm-none-eabi/lib/thumb/v7e-m/fpv4-sp/hard/libc_nano.a(lib_a-wctomb_r.o)
                0x000000000003241a                __ascii_wctomb
 .text._exit    0x0000000000032434        0x4 /Users/vk/Documents/FMBtechnologies/product/software/gcc-arm-none-eabi-7-2017-q4-major/bin/../lib/gcc/arm-none-eabi/7.2.1/../../../../arm-none-eabi/lib/thumb/v7e-m/fpv4-sp/hard/libnosys.a(_exit.o)
                0x0000000000032434                _exit
 .text          0x0000000000032438       0x30 /Users/vk/Documents/FMBtechnologies/product/software/gcc-arm-none-eabi-7-2017-q4-major/bin/../lib/gcc/arm-none-eabi/7.2.1/thumb/v7e-m/fpv4-sp/hard/libgcc.a(_aeabi_uldivmod.o)
                0x0000000000032438                __aeabi_uldivmod
 .text          0x0000000000032468      0x2cc /Users/vk/Documents/FMBtechnologies/product/software/gcc-arm-none-eabi-7-2017-q4-major/bin/../lib/gcc/arm-none-eabi/7.2.1/thumb/v7e-m/fpv4-sp/hard/libgcc.a(_udivmoddi4.o)
                0x0000000000032468                __udivmoddi4
 .text          0x0000000000032734        0x4 /Users/vk/Documents/FMBtechnologies/product/software/gcc-arm-none-eabi-7-2017-q4-major/bin/../lib/gcc/arm-none-eabi/7.2.1/thumb/v7e-m/fpv4-sp/hard/libgcc.a(_dvmd_tls.o)
                0x0000000000032734                __aeabi_ldiv0
                0x0000000000032734                __aeabi_idiv0
 *(.init)
 .init          0x0000000000032738        0x4 /Users/vk/Documents/FMBtechnologies/product/software/gcc-arm-none-eabi-7-2017-q4-major/bin/../lib/gcc/arm-none-eabi/7.2.1/thumb/v7e-m/fpv4-sp/hard/crti.o
                0x0000000000032738                _init
 .init          0x000000000003273c        0x8 /Users/vk/Documents/FMBtechnologies/product/software/gcc-arm-none-eabi-7-2017-q4-major/bin/../lib/gcc/arm-none-eabi/7.2.1/thumb/v7e-m/fpv4-sp/hard/crtn.o
 *(.fini)
 .fini          0x0000000000032744        0x4 /Users/vk/Documents/FMBtechnologies/product/software/gcc-arm-none-eabi-7-2017-q4-major/bin/../lib/gcc/arm-none-eabi/7.2.1/thumb/v7e-m/fpv4-sp/hard/crti.o
                0x0000000000032744                _fini
 .fini          0x0000000000032748        0x8 /Users/vk/Documents/FMBtechnologies/product/software/gcc-arm-none-eabi-7-2017-q4-major/bin/../lib/gcc/arm-none-eabi/7.2.1/thumb/v7e-m/fpv4-sp/hard/crtn.o
 *crtbegin.o(.ctors)
 *crtbegin?.o(.ctors)
 *(EXCLUDE_FILE(*crtend.o *crtend?.o) .ctors)
 *(SORT_BY_NAME(.ctors.*))
 *(.ctors)
 *crtbegin.o(.dtors)
 *crtbegin?.o(.dtors)
 *(EXCLUDE_FILE(*crtend.o *crtend?.o) .dtors)
 *(SORT_BY_NAME(.dtors.*))
 *(.dtors)
 *(.rodata*)
 .rodata        0x0000000000032750       0x20 _build/nrf52832_xxaa/nrf_log_backend_uart.c.o
 .rodata.nrf_log_backend_uart_api
                0x0000000000032770        0xc _build/nrf52832_xxaa/nrf_log_backend_uart.c.o
                0x0000000000032770                nrf_log_backend_uart_api
 .rodata.mempool
                0x000000000003277c       0x14 _build/nrf52832_xxaa/nrf_log_frontend.c.o
 .rodata.str1.4
                0x0000000000032790        0x4 _build/nrf52832_xxaa/nrf_log_frontend.c.o
 .rodata.m_colors
                0x0000000000032794       0x24 _build/nrf52832_xxaa/nrf_log_str_formatter.c.o
 .rodata.nrf_log_hexdump_entry_process.str1.4
                0x00000000000327b8       0x13 _build/nrf52832_xxaa/nrf_log_str_formatter.c.o
                                         0x16 (size before relaxing)
 *fill*         0x00000000000327cb        0x1 
 .rodata.nrf_log_std_entry_process.str1.4
                0x00000000000327cc       0x1b _build/nrf52832_xxaa/nrf_log_str_formatter.c.o
 *fill*         0x00000000000327e7        0x1 
 .rodata.severity_names
                0x00000000000327e8       0x14 _build/nrf52832_xxaa/nrf_log_str_formatter.c.o
 .rodata.str1.4
                0x00000000000327fc       0x5e _build/nrf52832_xxaa/nrf_log_str_formatter.c.o
 *fill*         0x000000000003285a        0x2 
 .rodata.m_detection_delay_timer_id
                0x000000000003285c        0x4 _build/nrf52832_xxaa/app_button.c.o
 .rodata.app_error_fault_handler.str1.4
                0x0000000000032860       0x19 _build/nrf52832_xxaa/app_error_weak.c.o
 *fill*         0x0000000000032879        0x3 
 .rodata.dirty_header.8863
                0x000000000003287c        0x4 _build/nrf52832_xxaa/fds.c.o
 .rodata.page_tag_data.8757
                0x0000000000032880        0x8 _build/nrf52832_xxaa/fds.c.o
 .rodata.page_tag_swap.8753
                0x0000000000032888        0x8 _build/nrf52832_xxaa/fds.c.o
 .rodata.str1.4
                0x0000000000032890        0x7 _build/nrf52832_xxaa/nrf_balloc.c.o
 *fill*         0x0000000000032897        0x1 
 .rodata._aV2C.7976
                0x0000000000032898       0x10 _build/nrf52832_xxaa/nrf_fprintf_format.c.o
 .rodata.m_flash_info
                0x00000000000328a8        0x8 _build/nrf52832_xxaa/nrf_fstorage_sd.c.o
 .rodata.nrf_fstorage_sd
                0x00000000000328b0       0x18 _build/nrf52832_xxaa/nrf_fstorage_sd.c.o
                0x00000000000328b0                nrf_fstorage_sd
 .rodata.str1.4
                0x00000000000328c8        0x9 _build/nrf52832_xxaa/nrf_pwr_mgmt.c.o
 *fill*         0x00000000000328d1        0x3 
 .rodata.m_unknown_str
                0x00000000000328d4       0x13 _build/nrf52832_xxaa/nrf_strerror.c.o
 *fill*         0x00000000000328e7        0x1 
 .rodata.nrf_strerror_array
                0x00000000000328e8       0xf0 _build/nrf52832_xxaa/nrf_strerror.c.o
 .rodata.str1.4
                0x00000000000329d8      0x308 _build/nrf52832_xxaa/nrf_strerror.c.o
 .rodata.m_board_btn_list
                0x0000000000032ce0        0x4 _build/nrf52832_xxaa/boards.c.o
 .rodata.m_board_led_list
                0x0000000000032ce4        0x4 _build/nrf52832_xxaa/boards.c.o
 .rodata.str1.4
                0x0000000000032ce8        0x6 _build/nrf52832_xxaa/nrf_drv_clock.c.o
 *fill*         0x0000000000032cee        0x2 
 .rodata.str1.4
                0x0000000000032cf0        0x7 _build/nrf52832_xxaa/nrf_drv_gpiote.c.o
 *fill*         0x0000000000032cf7        0x1 
 .rodata.str1.4
                0x0000000000032cf8        0x5 _build/nrf52832_xxaa/nrf_drv_uart.c.o
 *fill*         0x0000000000032cfd        0x3 
 .rodata.app_buttons
                0x0000000000032d00       0x20 _build/nrf52832_xxaa/bsp.c.o
 .rodata.m_alert_timer_id
                0x0000000000032d20        0x4 _build/nrf52832_xxaa/bsp.c.o
 .rodata.m_button_timer_id
                0x0000000000032d24        0x4 _build/nrf52832_xxaa/bsp.c.o
 .rodata.m_leds_timer_id
                0x0000000000032d28        0x4 _build/nrf52832_xxaa/bsp.c.o
 .rodata.advertising_start.str1.4
                0x0000000000032d2c        0xd _build/nrf52832_xxaa/main.c.o
 *fill*         0x0000000000032d39        0x3 
 .rodata.ble_evt_handler.str1.4
                0x0000000000032d3c       0x25 _build/nrf52832_xxaa/main.c.o
 *fill*         0x0000000000032d61        0x3 
 .rodata.gatt_evt_handler.str1.4
                0x0000000000032d64       0x2f _build/nrf52832_xxaa/main.c.o
 *fill*         0x0000000000032d93        0x1 
 .rodata.m_battery_timer_id
                0x0000000000032d94        0x4 _build/nrf52832_xxaa/main.c.o
 .rodata.m_heart_rate_timer_id
                0x0000000000032d98        0x4 _build/nrf52832_xxaa/main.c.o
 .rodata.m_rr_interval_timer_id
                0x0000000000032d9c        0x4 _build/nrf52832_xxaa/main.c.o
 .rodata.m_sensor_contact_timer_id
                0x0000000000032da0        0x4 _build/nrf52832_xxaa/main.c.o
 .rodata.main.str1.4
                0x0000000000032da4       0x3f _build/nrf52832_xxaa/main.c.o
 *fill*         0x0000000000032de3        0x1 
 .rodata.on_adv_evt.str1.4
                0x0000000000032de4       0x12 _build/nrf52832_xxaa/main.c.o
 *fill*         0x0000000000032df6        0x2 
 .rodata.pm_evt_handler.str1.4
                0x0000000000032df8       0x6c _build/nrf52832_xxaa/main.c.o
 .rodata        0x0000000000032e64       0x10 _build/nrf52832_xxaa/gatts_cache_manager.c.o
 .rodata.service_changed_pending.9863
                0x0000000000032e74        0x4 _build/nrf52832_xxaa/gatts_cache_manager.c.o
 .rodata.service_changed_pending.9926
                0x0000000000032e78        0x4 _build/nrf52832_xxaa/gatts_cache_manager.c.o
 .rodata.nrf_ble_gatt_on_ble_evt.str1.4
                0x0000000000032e7c      0x130 _build/nrf52832_xxaa/nrf_ble_gatt.c.o
 .rodata.str1.4
                0x0000000000032fac        0x9 _build/nrf52832_xxaa/nrf_ble_gatt.c.o
 *fill*         0x0000000000032fb5        0x3 
 .rodata.m_evt_handlers
                0x0000000000032fb8       0x14 _build/nrf52832_xxaa/peer_database.c.o
 .rodata        0x0000000000032fcc        0x4 _build/nrf52832_xxaa/nrf_sdh.c.o
 .rodata.sdh_req_observers
                0x0000000000032fd0        0xc _build/nrf52832_xxaa/nrf_sdh.c.o
 .rodata.sdh_stack_observers
                0x0000000000032fdc        0xc _build/nrf52832_xxaa/nrf_sdh.c.o
 .rodata.sdh_state_observers
                0x0000000000032fe8        0xc _build/nrf52832_xxaa/nrf_sdh.c.o
 .rodata.str1.4
                0x0000000000032ff4        0x8 _build/nrf52832_xxaa/nrf_sdh.c.o
 .rodata.nrf_sdh_ble_default_cfg_set.str1.4
                0x0000000000032ffc      0x1cf _build/nrf52832_xxaa/nrf_sdh_ble.c.o
 *fill*         0x00000000000331cb        0x1 
 .rodata.nrf_sdh_ble_enable.str1.4
                0x00000000000331cc       0x6d _build/nrf52832_xxaa/nrf_sdh_ble.c.o
 *fill*         0x0000000000033239        0x3 
 .rodata.sdh_ble_observers
                0x000000000003323c        0xc _build/nrf52832_xxaa/nrf_sdh_ble.c.o
 .rodata.str1.4
                0x0000000000033248        0xc _build/nrf52832_xxaa/nrf_sdh_ble.c.o
 .rodata.sdh_soc_observers
                0x0000000000033254        0xc _build/nrf52832_xxaa/nrf_sdh_soc.c.o
 .rodata.str1.4
                0x0000000000033260        0xc _build/nrf52832_xxaa/nrf_sdh_soc.c.o
 .rodata._global_impure_ptr
                0x000000000003326c        0x4 /Users/vk/Documents/FMBtechnologies/product/software/gcc-arm-none-eabi-7-2017-q4-major/bin/../lib/gcc/arm-none-eabi/7.2.1/../../../../arm-none-eabi/lib/thumb/v7e-m/fpv4-sp/hard/libc_nano.a(lib_a-impure.o)
                0x000000000003326c                _global_impure_ptr
 .rodata._setlocale_r.str1.1
                0x0000000000033270        0x8 /Users/vk/Documents/FMBtechnologies/product/software/gcc-arm-none-eabi-7-2017-q4-major/bin/../lib/gcc/arm-none-eabi/7.2.1/../../../../arm-none-eabi/lib/thumb/v7e-m/fpv4-sp/hard/libc_nano.a(lib_a-locale.o)
                                          0x9 (size before relaxing)
 .rodata.str1.1
                0x0000000000033278        0x2 /Users/vk/Documents/FMBtechnologies/product/software/gcc-arm-none-eabi-7-2017-q4-major/bin/../lib/gcc/arm-none-eabi/7.2.1/../../../../arm-none-eabi/lib/thumb/v7e-m/fpv4-sp/hard/libc_nano.a(lib_a-locale.o)
 .rodata._ctype_
                0x000000000003327a      0x101 /Users/vk/Documents/FMBtechnologies/product/software/gcc-arm-none-eabi-7-2017-q4-major/bin/../lib/gcc/arm-none-eabi/7.2.1/../../../../arm-none-eabi/lib/thumb/v7e-m/fpv4-sp/hard/libc_nano.a(lib_a-ctype_.o)
                0x000000000003327a                _ctype_
 *(.eh_frame*)
 *fill*         0x000000000003337b        0x1 
 .eh_frame      0x000000000003337c        0x0 /Users/vk/Documents/FMBtechnologies/product/software/gcc-arm-none-eabi-7-2017-q4-major/bin/../lib/gcc/arm-none-eabi/7.2.1/thumb/v7e-m/fpv4-sp/hard/crtbegin.o
 .eh_frame      0x000000000003337c        0x4 /Users/vk/Documents/FMBtechnologies/product/software/gcc-arm-none-eabi-7-2017-q4-major/bin/../lib/gcc/arm-none-eabi/7.2.1/thumb/v7e-m/fpv4-sp/hard/crtend.o

.glue_7         0x0000000000033380        0x0
 .glue_7        0x0000000000033380        0x0 linker stubs

.glue_7t        0x0000000000033380        0x0
 .glue_7t       0x0000000000033380        0x0 linker stubs

.vfp11_veneer   0x0000000000033380        0x0
 .vfp11_veneer  0x0000000000033380        0x0 linker stubs

.v4_bx          0x0000000000033380        0x0
 .v4_bx         0x0000000000033380        0x0 linker stubs

.iplt           0x0000000000033380        0x0
 .iplt          0x0000000000033380        0x0 /Users/vk/Documents/FMBtechnologies/product/software/gcc-arm-none-eabi-7-2017-q4-major/bin/../lib/gcc/arm-none-eabi/7.2.1/thumb/v7e-m/fpv4-sp/hard/crtbegin.o

.pwr_mgmt_data  0x0000000000033380        0x0
                0x0000000000033380                PROVIDE (__start_pwr_mgmt_data, .)
 *(SORT_BY_NAME(.pwr_mgmt_data*))
                0x0000000000033380                PROVIDE (__stop_pwr_mgmt_data, .)

.log_const_data
                0x0000000000033380       0x50
                0x0000000000033380                PROVIDE (__start_log_const_data, .)
 *(.log_const_data)
 .log_const_data
                0x0000000000033380        0x8 _build/nrf52832_xxaa/nrf_log_frontend.c.o
                0x0000000000033380                m_nrf_log_app_logs_data_const
 .log_const_data
                0x0000000000033388        0x8 _build/nrf52832_xxaa/nrf_balloc.c.o
                0x0000000000033388                m_nrf_log_balloc_logs_data_const
 .log_const_data
                0x0000000000033390        0x8 _build/nrf52832_xxaa/nrf_pwr_mgmt.c.o
                0x0000000000033390                m_nrf_log_pwr_mgmt_logs_data_const
 .log_const_data
                0x0000000000033398        0x8 _build/nrf52832_xxaa/nrf_drv_clock.c.o
                0x0000000000033398                m_nrf_log_clock_logs_data_const
 .log_const_data
                0x00000000000333a0        0x8 _build/nrf52832_xxaa/nrf_drv_gpiote.c.o
                0x00000000000333a0                m_nrf_log_gpiote_logs_data_const
 .log_const_data
                0x00000000000333a8        0x8 _build/nrf52832_xxaa/nrf_drv_uart.c.o
                0x00000000000333a8                m_nrf_log_uart_logs_data_const
 .log_const_data
                0x00000000000333b0        0x8 _build/nrf52832_xxaa/nrf_ble_gatt.c.o
                0x00000000000333b0                m_nrf_log_ble_gatt_logs_data_const
 .log_const_data
                0x00000000000333b8        0x8 _build/nrf52832_xxaa/nrf_sdh.c.o
                0x00000000000333b8                m_nrf_log_nrf_sdh_logs_data_const
 .log_const_data
                0x00000000000333c0        0x8 _build/nrf52832_xxaa/nrf_sdh_ble.c.o
                0x00000000000333c0                m_nrf_log_nrf_sdh_ble_logs_data_const
 .log_const_data
                0x00000000000333c8        0x8 _build/nrf52832_xxaa/nrf_sdh_soc.c.o
                0x00000000000333c8                m_nrf_log_nrf_sdh_soc_logs_data_const
                0x00000000000333d0                PROVIDE (__stop_log_const_data, .)

.cli_command    0x00000000000333d0        0x0
                [!provide]                        PROVIDE (__start_cli_command, .)
 *(.cli_command)
                [!provide]                        PROVIDE (__stop_cli_command, .)

.sdh_stack_observers
                0x00000000000333d0       0x10
                0x00000000000333d0                PROVIDE (__start_sdh_stack_observers, .)
 *(SORT_BY_NAME(.sdh_stack_observers*))
 .sdh_stack_observers0
                0x00000000000333d0        0x8 _build/nrf52832_xxaa/nrf_sdh_ble.c.o
 .sdh_stack_observers0
                0x00000000000333d8        0x8 _build/nrf52832_xxaa/nrf_sdh_soc.c.o
                0x00000000000333e0                PROVIDE (__stop_sdh_stack_observers, .)

.sdh_req_observers
                0x00000000000333e0        0x8
                0x00000000000333e0                PROVIDE (__start_sdh_req_observers, .)
 *(SORT_BY_NAME(.sdh_req_observers*))
 .sdh_req_observers0
                0x00000000000333e0        0x8 _build/nrf52832_xxaa/nrf_fstorage_sd.c.o
                0x00000000000333e0                m_req_obs
                0x00000000000333e8                PROVIDE (__stop_sdh_req_observers, .)

.sdh_state_observers
                0x00000000000333e8       0x10
                0x00000000000333e8                PROVIDE (__start_sdh_state_observers, .)
 *(SORT_BY_NAME(.sdh_state_observers*))
 .sdh_state_observers0
                0x00000000000333e8        0x8 _build/nrf52832_xxaa/nrf_fstorage_sd.c.o
 .sdh_state_observers0
                0x00000000000333f0        0x8 _build/nrf52832_xxaa/nrf_drv_clock.c.o
                0x00000000000333f8                PROVIDE (__stop_sdh_state_observers, .)

.sdh_ant_observers
                0x00000000000333f8        0x0
                [!provide]                        PROVIDE (__start_sdh_ant_observers, .)
 *(SORT_BY_NAME(.sdh_ant_observers*))
                [!provide]                        PROVIDE (__stop_sdh_ant_observers, .)

.sdh_ble_observers
                0x00000000000333f8       0x48
                0x00000000000333f8                PROVIDE (__start_sdh_ble_observers, .)
 *(SORT_BY_NAME(.sdh_ble_observers*))
 .sdh_ble_observers0
                0x00000000000333f8        0x8 _build/nrf52832_xxaa/ble_conn_state.c.o
 .sdh_ble_observers1
                0x0000000000033400        0x8 _build/nrf52832_xxaa/bsp_btn_ble.c.o
 .sdh_ble_observers1
                0x0000000000033408        0x8 _build/nrf52832_xxaa/main.c.o
 .sdh_ble_observers2
                0x0000000000033410       0x20 _build/nrf52832_xxaa/main.c.o
 .sdh_ble_observers2
                0x0000000000033430        0x8 _build/nrf52832_xxaa/ble_conn_params.c.o
 .sdh_ble_observers2
                0x0000000000033438        0x8 _build/nrf52832_xxaa/peer_manager.c.o
                0x0000000000033440                PROVIDE (__stop_sdh_ble_observers, .)

.sdh_soc_observers
                0x0000000000033440       0x18
                0x0000000000033440                PROVIDE (__start_sdh_soc_observers, .)
 *(SORT_BY_NAME(.sdh_soc_observers*))
 .sdh_soc_observers0
                0x0000000000033440        0x8 _build/nrf52832_xxaa/nrf_fstorage_sd.c.o
 .sdh_soc_observers0
                0x0000000000033448        0x8 _build/nrf52832_xxaa/nrf_drv_clock.c.o
 .sdh_soc_observers1
                0x0000000000033450        0x8 _build/nrf52832_xxaa/main.c.o
                0x0000000000033458                PROVIDE (__stop_sdh_soc_observers, .)

.ARM.extab
 *(.ARM.extab* .gnu.linkonce.armextab.*)
                0x0000000000033458                __exidx_start = .

.ARM.exidx      0x0000000000033458        0x8
 *(.ARM.exidx* .gnu.linkonce.armexidx.*)
 .ARM.exidx     0x0000000000033458        0x8 /Users/vk/Documents/FMBtechnologies/product/software/gcc-arm-none-eabi-7-2017-q4-major/bin/../lib/gcc/arm-none-eabi/7.2.1/../../../../arm-none-eabi/lib/thumb/v7e-m/fpv4-sp/hard/crt0.o
 .ARM.exidx     0x0000000000033460        0x0 /Users/vk/Documents/FMBtechnologies/product/software/gcc-arm-none-eabi-7-2017-q4-major/bin/../lib/gcc/arm-none-eabi/7.2.1/thumb/v7e-m/fpv4-sp/hard/libgcc.a(_udivmoddi4.o)
                                          0x8 (size before relaxing)
                0x0000000000033460                __exidx_end = .
                0x0000000000033460                __etext = .

.rel.dyn        0x0000000000033460        0x0
 .rel.iplt      0x0000000000033460        0x0 /Users/vk/Documents/FMBtechnologies/product/software/gcc-arm-none-eabi-7-2017-q4-major/bin/../lib/gcc/arm-none-eabi/7.2.1/thumb/v7e-m/fpv4-sp/hard/crtbegin.o

.data           0x0000000020002a58      0x20c load address 0x0000000000033460
                0x0000000020002a58                __data_start__ = .
 *(vtable)
 *(.data*)
 .data.m_uart   0x0000000020002a58        0x8 _build/nrf52832_xxaa/nrf_log_backend_uart.c.o
                0x0000000020002a58                m_uart
 .data.uart_log_backend
                0x0000000020002a60        0xc _build/nrf52832_xxaa/nrf_log_default_backends.c.o
 .data.m_adv_uuids
                0x0000000020002a6c        0xc _build/nrf52832_xxaa/main.c.o
 .data.m_conn_handle
                0x0000000020002a78        0x2 _build/nrf52832_xxaa/main.c.o
 .data.m_rr_interval_enabled
                0x0000000020002a7a        0x1 _build/nrf52832_xxaa/main.c.o
 .data.m_flag_sec_proc
                0x0000000020002a7b        0x1 _build/nrf52832_xxaa/security_dispatcher.c.o
 .data.m_flag_sec_proc_new_peer
                0x0000000020002a7c        0x1 _build/nrf52832_xxaa/security_dispatcher.c.o
 .data.m_flag_sec_proc_pairing
                0x0000000020002a7d        0x1 _build/nrf52832_xxaa/security_dispatcher.c.o
 .data.m_flag_link_secure_force_repairing
                0x0000000020002a7e        0x1 _build/nrf52832_xxaa/security_manager.c.o
 .data.m_flag_link_secure_null_params
                0x0000000020002a7f        0x1 _build/nrf52832_xxaa/security_manager.c.o
 .data.m_flag_link_secure_pending_busy
                0x0000000020002a80        0x1 _build/nrf52832_xxaa/security_manager.c.o
 .data.m_flag_link_secure_pending_flash_full
                0x0000000020002a81        0x1 _build/nrf52832_xxaa/security_manager.c.o
 .data.m_flag_params_reply_pending_busy
                0x0000000020002a82        0x1 _build/nrf52832_xxaa/security_manager.c.o
 .data.m_flag_params_reply_pending_flash_full
                0x0000000020002a83        0x1 _build/nrf52832_xxaa/security_manager.c.o
 .data.m_flag_reject_pairing
                0x0000000020002a84        0x1 _build/nrf52832_xxaa/security_manager.c.o
 *fill*         0x0000000020002a85        0x3 
 .data.SystemCoreClock
                0x0000000020002a88        0x4 _build/nrf52832_xxaa/system_nrf52.c.o
                0x0000000020002a88                SystemCoreClock
 .data._impure_ptr
                0x0000000020002a8c        0x4 /Users/vk/Documents/FMBtechnologies/product/software/gcc-arm-none-eabi-7-2017-q4-major/bin/../lib/gcc/arm-none-eabi/7.2.1/../../../../arm-none-eabi/lib/thumb/v7e-m/fpv4-sp/hard/libc_nano.a(lib_a-impure.o)
                0x0000000020002a8c                _impure_ptr
 .data.impure_data
                0x0000000020002a90       0x60 /Users/vk/Documents/FMBtechnologies/product/software/gcc-arm-none-eabi-7-2017-q4-major/bin/../lib/gcc/arm-none-eabi/7.2.1/../../../../arm-none-eabi/lib/thumb/v7e-m/fpv4-sp/hard/libc_nano.a(lib_a-impure.o)
 .data.__global_locale
                0x0000000020002af0      0x16c /Users/vk/Documents/FMBtechnologies/product/software/gcc-arm-none-eabi-7-2017-q4-major/bin/../lib/gcc/arm-none-eabi/7.2.1/../../../../arm-none-eabi/lib/thumb/v7e-m/fpv4-sp/hard/libc_nano.a(lib_a-locale.o)
                0x0000000020002af0                __global_locale
                0x0000000020002c5c                . = ALIGN (0x4)
                0x0000000020002c5c                PROVIDE (__preinit_array_start, .)
 *(.preinit_array)
                0x0000000020002c5c                PROVIDE (__preinit_array_end, .)
                0x0000000020002c5c                . = ALIGN (0x4)
                0x0000000020002c5c                PROVIDE (__init_array_start, .)
 *(SORT_BY_NAME(.init_array.*))
 *(.init_array)
 .init_array    0x0000000020002c5c        0x4 /Users/vk/Documents/FMBtechnologies/product/software/gcc-arm-none-eabi-7-2017-q4-major/bin/../lib/gcc/arm-none-eabi/7.2.1/thumb/v7e-m/fpv4-sp/hard/crtbegin.o
                0x0000000020002c60                PROVIDE (__init_array_end, .)
                0x0000000020002c60                . = ALIGN (0x4)
                [!provide]                        PROVIDE (__fini_array_start, .)
 *(SORT_BY_NAME(.fini_array.*))
 *(.fini_array)
 .fini_array    0x0000000020002c60        0x4 /Users/vk/Documents/FMBtechnologies/product/software/gcc-arm-none-eabi-7-2017-q4-major/bin/../lib/gcc/arm-none-eabi/7.2.1/thumb/v7e-m/fpv4-sp/hard/crtbegin.o
                [!provide]                        PROVIDE (__fini_array_end, .)
 *(.jcr*)
                0x0000000020002c64                . = ALIGN (0x4)
                0x0000000020002c64                __data_end__ = .
LOAD /Users/vk/Documents/FMBtechnologies/product/software/gcc-arm-none-eabi-7-2017-q4-major/bin/../lib/gcc/arm-none-eabi/7.2.1/thumb/v7e-m/fpv4-sp/hard/crti.o
LOAD /Users/vk/Documents/FMBtechnologies/product/software/gcc-arm-none-eabi-7-2017-q4-major/bin/../lib/gcc/arm-none-eabi/7.2.1/thumb/v7e-m/fpv4-sp/hard/crtbegin.o
LOAD /Users/vk/Documents/FMBtechnologies/product/software/gcc-arm-none-eabi-7-2017-q4-major/bin/../lib/gcc/arm-none-eabi/7.2.1/../../../../arm-none-eabi/lib/thumb/v7e-m/fpv4-sp/hard/crt0.o
LOAD _build/nrf52832_xxaa/nrf_log_backend_rtt.c.o
LOAD _build/nrf52832_xxaa/nrf_log_backend_serial.c.o
LOAD _build/nrf52832_xxaa/nrf_log_backend_uart.c.o
LOAD _build/nrf52832_xxaa/nrf_log_default_backends.c.o
LOAD _build/nrf52832_xxaa/nrf_log_frontend.c.o
LOAD _build/nrf52832_xxaa/nrf_log_str_formatter.c.o
LOAD _build/nrf52832_xxaa/app_button.c.o
LOAD _build/nrf52832_xxaa/app_error.c.o
LOAD _build/nrf52832_xxaa/app_error_weak.c.o
LOAD _build/nrf52832_xxaa/app_scheduler.c.o
LOAD _build/nrf52832_xxaa/app_timer.c.o
LOAD _build/nrf52832_xxaa/app_util_platform.c.o
LOAD _build/nrf52832_xxaa/crc16.c.o
LOAD _build/nrf52832_xxaa/fds.c.o
LOAD _build/nrf52832_xxaa/hardfault_implementation.c.o
LOAD _build/nrf52832_xxaa/nrf_assert.c.o
LOAD _build/nrf52832_xxaa/nrf_atfifo.c.o
LOAD _build/nrf52832_xxaa/nrf_balloc.c.o
LOAD _build/nrf52832_xxaa/nrf_fprintf.c.o
LOAD _build/nrf52832_xxaa/nrf_fprintf_format.c.o
LOAD _build/nrf52832_xxaa/nrf_fstorage.c.o
LOAD _build/nrf52832_xxaa/nrf_fstorage_sd.c.o
LOAD _build/nrf52832_xxaa/nrf_memobj.c.o
LOAD _build/nrf52832_xxaa/nrf_pwr_mgmt.c.o
LOAD _build/nrf52832_xxaa/nrf_section_iter.c.o
LOAD _build/nrf52832_xxaa/nrf_strerror.c.o
LOAD _build/nrf52832_xxaa/sdk_mapped_flags.c.o
LOAD _build/nrf52832_xxaa/sensorsim.c.o
LOAD _build/nrf52832_xxaa/boards.c.o
LOAD _build/nrf52832_xxaa/nrf_drv_clock.c.o
LOAD _build/nrf52832_xxaa/nrf_drv_common.c.o
LOAD _build/nrf52832_xxaa/nrf_drv_gpiote.c.o
LOAD _build/nrf52832_xxaa/nrf_drv_uart.c.o
LOAD _build/nrf52832_xxaa/bsp.c.o
LOAD _build/nrf52832_xxaa/bsp_btn_ble.c.o
LOAD _build/nrf52832_xxaa/bsp_nfc.c.o
LOAD _build/nrf52832_xxaa/main.c.o
LOAD _build/nrf52832_xxaa/RTT_Syscalls_GCC.c.o
LOAD _build/nrf52832_xxaa/SEGGER_RTT.c.o
LOAD _build/nrf52832_xxaa/SEGGER_RTT_printf.c.o
LOAD _build/nrf52832_xxaa/ble_advdata.c.o
LOAD _build/nrf52832_xxaa/ble_advertising.c.o
LOAD _build/nrf52832_xxaa/ble_conn_params.c.o
LOAD _build/nrf52832_xxaa/ble_conn_state.c.o
LOAD _build/nrf52832_xxaa/ble_srv_common.c.o
LOAD _build/nrf52832_xxaa/gatt_cache_manager.c.o
LOAD _build/nrf52832_xxaa/gatts_cache_manager.c.o
LOAD _build/nrf52832_xxaa/id_manager.c.o
LOAD _build/nrf52832_xxaa/nrf_ble_gatt.c.o
LOAD _build/nrf52832_xxaa/peer_data_storage.c.o
LOAD _build/nrf52832_xxaa/peer_database.c.o
LOAD _build/nrf52832_xxaa/peer_id.c.o
LOAD _build/nrf52832_xxaa/peer_manager.c.o
LOAD _build/nrf52832_xxaa/pm_buffer.c.o
LOAD _build/nrf52832_xxaa/pm_mutex.c.o
LOAD _build/nrf52832_xxaa/security_dispatcher.c.o
LOAD _build/nrf52832_xxaa/security_manager.c.o
LOAD _build/nrf52832_xxaa/gcc_startup_nrf52.S.o
LOAD _build/nrf52832_xxaa/system_nrf52.c.o
LOAD _build/nrf52832_xxaa/ble_bas.c.o
LOAD _build/nrf52832_xxaa/ble_dis.c.o
LOAD _build/nrf52832_xxaa/ble_hrs.c.o
LOAD _build/nrf52832_xxaa/nrf_sdh.c.o
LOAD _build/nrf52832_xxaa/nrf_sdh_ble.c.o
LOAD _build/nrf52832_xxaa/nrf_sdh_soc.c.o
LOAD /Users/vk/Documents/FMBtechnologies/product/software/gcc-arm-none-eabi-7-2017-q4-major/bin/../lib/gcc/arm-none-eabi/7.2.1/../../../../arm-none-eabi/lib/thumb/v7e-m/fpv4-sp/hard/libc_nano.a
LOAD /Users/vk/Documents/FMBtechnologies/product/software/gcc-arm-none-eabi-7-2017-q4-major/bin/../lib/gcc/arm-none-eabi/7.2.1/../../../../arm-none-eabi/lib/thumb/v7e-m/fpv4-sp/hard/libnosys.a
LOAD /Users/vk/Documents/FMBtechnologies/product/software/gcc-arm-none-eabi-7-2017-q4-major/bin/../lib/gcc/arm-none-eabi/7.2.1/../../../../arm-none-eabi/lib/thumb/v7e-m/fpv4-sp/hard/libm.a
START GROUP
LOAD /Users/vk/Documents/FMBtechnologies/product/software/gcc-arm-none-eabi-7-2017-q4-major/bin/../lib/gcc/arm-none-eabi/7.2.1/thumb/v7e-m/fpv4-sp/hard/libgcc.a
LOAD /Users/vk/Documents/FMBtechnologies/product/software/gcc-arm-none-eabi-7-2017-q4-major/bin/../lib/gcc/arm-none-eabi/7.2.1/../../../../arm-none-eabi/lib/thumb/v7e-m/fpv4-sp/hard/libg_nano.a
LOAD /Users/vk/Documents/FMBtechnologies/product/software/gcc-arm-none-eabi-7-2017-q4-major/bin/../lib/gcc/arm-none-eabi/7.2.1/../../../../arm-none-eabi/lib/thumb/v7e-m/fpv4-sp/hard/libc_nano.a
END GROUP
START GROUP
LOAD /Users/vk/Documents/FMBtechnologies/product/software/gcc-arm-none-eabi-7-2017-q4-major/bin/../lib/gcc/arm-none-eabi/7.2.1/thumb/v7e-m/fpv4-sp/hard/libgcc.a
LOAD /Users/vk/Documents/FMBtechnologies/product/software/gcc-arm-none-eabi-7-2017-q4-major/bin/../lib/gcc/arm-none-eabi/7.2.1/../../../../arm-none-eabi/lib/thumb/v7e-m/fpv4-sp/hard/libc_nano.a
END GROUP
LOAD /Users/vk/Documents/FMBtechnologies/product/software/gcc-arm-none-eabi-7-2017-q4-major/bin/../lib/gcc/arm-none-eabi/7.2.1/thumb/v7e-m/fpv4-sp/hard/crtend.o
LOAD /Users/vk/Documents/FMBtechnologies/product/software/gcc-arm-none-eabi-7-2017-q4-major/bin/../lib/gcc/arm-none-eabi/7.2.1/thumb/v7e-m/fpv4-sp/hard/crtn.o
START GROUP
LOAD /Users/vk/Documents/FMBtechnologies/product/software/gcc-arm-none-eabi-7-2017-q4-major/bin/../lib/gcc/arm-none-eabi/7.2.1/thumb/v7e-m/fpv4-sp/hard/libgcc.a
LOAD /Users/vk/Documents/FMBtechnologies/product/software/gcc-arm-none-eabi-7-2017-q4-major/bin/../lib/gcc/arm-none-eabi/7.2.1/../../../../arm-none-eabi/lib/thumb/v7e-m/fpv4-sp/hard/libc.a
LOAD /Users/vk/Documents/FMBtechnologies/product/software/gcc-arm-none-eabi-7-2017-q4-major/bin/../lib/gcc/arm-none-eabi/7.2.1/../../../../arm-none-eabi/lib/thumb/v7e-m/fpv4-sp/hard/libnosys.a
END GROUP

.igot.plt       0x0000000020002c64        0x0 load address 0x000000000003366c
 .igot.plt      0x0000000020002c64        0x0 /Users/vk/Documents/FMBtechnologies/product/software/gcc-arm-none-eabi-7-2017-q4-major/bin/../lib/gcc/arm-none-eabi/7.2.1/thumb/v7e-m/fpv4-sp/hard/crtbegin.o
                0x0000000020002c64                . = ALIGN (0x4)

.svc_data       0x0000000020002c64        0x0
                [!provide]                        PROVIDE (__start_svc_data, .)
 *(.svc_data)
                [!provide]                        PROVIDE (__stop_svc_data, .)

.fs_data        0x0000000020002c64       0x14 load address 0x000000000003366c
                0x0000000020002c64                PROVIDE (__start_fs_data, .)
 *(.fs_data)
 .fs_data       0x0000000020002c64       0x14 _build/nrf52832_xxaa/fds.c.o
                0x0000000020002c64                m_fs
                0x0000000020002c78                PROVIDE (__stop_fs_data, .)

.log_dynamic_data
                0x0000000020002c78       0x78 load address 0x0000000000033680
                0x0000000020002c78                PROVIDE (__start_log_dynamic_data, .)
 *(.log_dynamic_data)
 .log_dynamic_data
                0x0000000020002c78        0xc _build/nrf52832_xxaa/nrf_log_frontend.c.o
                0x0000000020002c78                m_nrf_log_app_logs_data_dynamic
 .log_dynamic_data
                0x0000000020002c84        0xc _build/nrf52832_xxaa/nrf_balloc.c.o
                0x0000000020002c84                m_nrf_log_balloc_logs_data_dynamic
 .log_dynamic_data
                0x0000000020002c90        0xc _build/nrf52832_xxaa/nrf_pwr_mgmt.c.o
                0x0000000020002c90                m_nrf_log_pwr_mgmt_logs_data_dynamic
 .log_dynamic_data
                0x0000000020002c9c        0xc _build/nrf52832_xxaa/nrf_drv_clock.c.o
                0x0000000020002c9c                m_nrf_log_clock_logs_data_dynamic
 .log_dynamic_data
                0x0000000020002ca8        0xc _build/nrf52832_xxaa/nrf_drv_gpiote.c.o
                0x0000000020002ca8                m_nrf_log_gpiote_logs_data_dynamic
 .log_dynamic_data
                0x0000000020002cb4        0xc _build/nrf52832_xxaa/nrf_drv_uart.c.o
                0x0000000020002cb4                m_nrf_log_uart_logs_data_dynamic
 .log_dynamic_data
                0x0000000020002cc0        0xc _build/nrf52832_xxaa/nrf_ble_gatt.c.o
                0x0000000020002cc0                m_nrf_log_ble_gatt_logs_data_dynamic
 .log_dynamic_data
                0x0000000020002ccc        0xc _build/nrf52832_xxaa/nrf_sdh.c.o
                0x0000000020002ccc                m_nrf_log_nrf_sdh_logs_data_dynamic
 .log_dynamic_data
                0x0000000020002cd8        0xc _build/nrf52832_xxaa/nrf_sdh_ble.c.o
                0x0000000020002cd8                m_nrf_log_nrf_sdh_ble_logs_data_dynamic
 .log_dynamic_data
                0x0000000020002ce4        0xc _build/nrf52832_xxaa/nrf_sdh_soc.c.o
                0x0000000020002ce4                m_nrf_log_nrf_sdh_soc_logs_data_dynamic
                [!provide]                        PROVIDE (__stop_log_dynamic_data, .)

.cli_sorted_cmd_ptrs
                0x0000000020002cf0        0x0
                [!provide]                        PROVIDE (__start_cli_sorted_cmd_ptrs, .)
 *(.cli_sorted_cmd_ptrs)
                [!provide]                        PROVIDE (__stop_cli_sorted_cmd_ptrs, .)

.bss            0x0000000020002cf0     0x11a4 load address 0x00000000000336f8
                0x0000000020002cf0                . = ALIGN (0x4)
                0x0000000020002cf0                __bss_start__ = .
 *(.bss*)
 .bss           0x0000000020002cf0       0x1c /Users/vk/Documents/FMBtechnologies/product/software/gcc-arm-none-eabi-7-2017-q4-major/bin/../lib/gcc/arm-none-eabi/7.2.1/thumb/v7e-m/fpv4-sp/hard/crtbegin.o
 .bss.m_async_mode
                0x0000000020002d0c        0x1 _build/nrf52832_xxaa/nrf_log_backend_uart.c.o
 *fill*         0x0000000020002d0d        0x3 
 .bss.m_string_buff
                0x0000000020002d10       0x40 _build/nrf52832_xxaa/nrf_log_backend_uart.c.o
 .bss.m_xfer_done
                0x0000000020002d50        0x1 _build/nrf52832_xxaa/nrf_log_backend_uart.c.o
 *fill*         0x0000000020002d51        0x3 
 .bss.m_log_data
                0x0000000020002d54      0x420 _build/nrf52832_xxaa/nrf_log_frontend.c.o
 .bss.mempool_nrf_balloc_cb
                0x0000000020003174        0x8 _build/nrf52832_xxaa/nrf_log_frontend.c.o
 .bss.mempool_nrf_balloc_pool_mem
                0x000000002000317c       0xc0 _build/nrf52832_xxaa/nrf_log_frontend.c.o
 .bss.mempool_nrf_balloc_pool_stack
                0x000000002000323c        0x8 _build/nrf52832_xxaa/nrf_log_frontend.c.o
 .bss.m_button_count
                0x0000000020003244        0x1 _build/nrf52832_xxaa/app_button.c.o
 *fill*         0x0000000020003245        0x3 
 .bss.m_detection_delay
                0x0000000020003248        0x4 _build/nrf52832_xxaa/app_button.c.o
 .bss.m_detection_delay_timer_id_data
                0x000000002000324c       0x20 _build/nrf52832_xxaa/app_button.c.o
 .bss.m_pin_state